******************************************************************************
                  TI ARM Linker Unix v20.2.7                   
******************************************************************************
>> Linked Sun Apr 26 18:20:12 2026

OUTPUT FILE NAME:   <COPIER_PROJ.out>
ENTRY POINT SYMBOL: "_c_int00_noargs"  address: 00005049


MEMORY CONFIGURATION

         name            origin    length      used     unused   attr    fill
----------------------  --------  ---------  --------  --------  ----  --------
  FLASH                 00000000   00040000  00005af3  0003a50d  R  X
  SRAM                  20000000   00008000  00000c5e  000073a2  RW X


SEGMENT ALLOCATION MAP

run origin  load origin   length   init length attrs members
----------  ----------- ---------- ----------- ----- -------
00000000    00000000    00005af8   00005af8    r-x
  00000000    00000000    0000026c   0000026c    r-- .intvecs
  0000026c    0000026c    00004f54   00004f54    r-x .text
  000051c0    000051c0    000008fb   000008fb    r-- .const
  00005ac0    00005ac0    00000038   00000038    r-- .cinit
20000000    20000000    00000c62   00000000    rw-
  20000000    20000000    00000a44   00000000    rw- .bss
  20000a48    20000a48    00000200   00000000    rw- .stack
  20000c48    20000c48    0000001a   00000000    rw- .data


SECTION ALLOCATION MAP

 output                                  attributes/
section   page    origin      length       input sections
--------  ----  ----------  ----------   ----------------
.intvecs   0    00000000    0000026c     
                  00000000    0000026c     tm4c123gh6pm_startup_ccs.obj (.intvecs)

.text      0    0000026c    00004f54     
                  0000026c    000013f0     display_lib.obj (.text)
                  0000165c    00001168     rfid.obj (.text)
                  000027c4    00000a4e     rtsv7M4_T_le_v4SPD16_eabi.lib : _printfi.c.obj (.text:__TI_printfi)
                  00003212    00000002                                   : div0.asm.obj (.text)
                  00003214    00000808     gpio.obj (.text)
                  00003a1c    00000398     main.obj (.text)
                  00003db4    00000270     rtsv7M4_T_le_v4SPD16_eabi.lib : _printfi.c.obj (.text:_pconv_a)
                  00004024    000001d0                                   : _printfi.c.obj (.text:_pconv_g)
                  000041f4    000001b6                                   : fd_add_t2.asm.obj (.text)
                  000043aa    00000002     --HOLE-- [fill = 0]
                  000043ac    0000013c                                   : _printfi.c.obj (.text:_pconv_e)
                  000044e8    00000136                                   : fd_div_t2.asm.obj (.text)
                  0000461e    00000002     --HOLE-- [fill = 0]
                  00004620    00000124                                   : _printfi.c.obj (.text:fcvt)
                  00004744    00000110                                   : s_scalbn.c.obj (.text:scalbn)
                  00004854    000000fc                                   : fd_mul_t2.asm.obj (.text)
                  00004950    000000b1                                   : _printfi.c.obj (.text:_ltostr)
                  00004a01    00000001     --HOLE-- [fill = 0]
                  00004a02    0000009c                                   : memcpy_t2.asm.obj (.text)
                  00004a9e    00000096                                   : ull_div_t2.asm.obj (.text)
                  00004b34    00000086                                   : fd_cmp_t2.asm.obj (.text:__aeabi_cdcmple)
                  00004bba    00000086                                   : fd_cmp_t2.asm.obj (.text:__aeabi_cdrcmple)
                  00004c40    0000007a                                   : memset_t2.asm.obj (.text)
                  00004cba    0000006e                                   : _printfi.c.obj (.text:_mcpy)
                  00004d28    00000068                                   : copy_decompress_lzss.c.obj (.text:decompress:lzss:__TI_decompress_lzss)
                  00004d90    00000064                                   : s_frexp.c.obj (.text:frexp)
                  00004df4    00000056                                   : _printfi.c.obj (.text:_pconv_f)
                  00004e4a    00000054                                   : _ltoa.c.obj (.text:__TI_ltoa)
                  00004e9e    00000052                                   : _printfi.c.obj (.text:_ecpy)
                  00004ef0    0000004c                                   : atoi.c.obj (.text:atoi)
                  00004f3c    00000048                                   : fd_toi_t2.asm.obj (.text)
                  00004f84    00000044                                   : autoinit.c.obj (.text:__TI_auto_init_nobinit_nopinit:__TI_auto_init_nobinit_nopinit)
                  00004fc8    00000040                                   : sprintf.c.obj (.text:sprintf)
                  00005008    0000003e                                   : _printfi.c.obj (.text:_fcpy)
                  00005046    00000002     --HOLE-- [fill = 0]
                  00005048    00000034                                   : boot_cortex_m.c.obj (.text:_c_int00_noargs:_c_int00_noargs)
                  0000507c    0000002e                                   : i_tofd_t2.asm.obj (.text)
                  000050aa    0000001e                                   : strcat.c.obj (.text:strcat)
                  000050c8    0000001c                                   : memccpy.c.obj (.text:memccpy)
                  000050e4    0000001c     wait.obj (.text)
                  00005100    0000001a     rtsv7M4_T_le_v4SPD16_eabi.lib : s_copysign.c.obj (.text:copysign)
                  0000511a    00000018                                   : sprintf.c.obj (.text:_outs)
                  00005132    00000016                                   : strchr.c.obj (.text:strchr)
                  00005148    00000014                                   : strlen.c.obj (.text:strlen)
                  0000515c    00000012                                   : wcslen.c.obj (.text:wcslen)
                  0000516e    00000002     --HOLE-- [fill = 0]
                  00005170    00000010     clock.obj (.text)
                  00005180    0000000e     rtsv7M4_T_le_v4SPD16_eabi.lib : copy_decompress_none.c.obj (.text:decompress:none:__TI_decompress_none)
                  0000518e    0000000c                                   : copy_zero_init.c.obj (.text:decompress:ZI:__TI_zero_init)
                  0000519a    0000000c     tm4c123gh6pm_startup_ccs.obj (.text)
                  000051a6    0000000a     rtsv7M4_T_le_v4SPD16_eabi.lib : sprintf.c.obj (.text:_outc)
                  000051b0    00000008                                   : errno.c.obj (.text:__aeabi_errno_addr)
                  000051b8    00000004                                   : pre_init.c.obj (.text:_system_pre_init)
                  000051bc    00000004                                   : exit.c.obj (.text:abort:abort)

.const     0    000051c0    000008fb     
                  000051c0    000004fb     display_lib.obj (.const:.string:Font)
                  000056bb    00000200     display_lib.obj (.const:.string:dBfs)
                  000058bb    00000101     rtsv7M4_T_le_v4SPD16_eabi.lib : ctype.c.obj (.const:.string:_ctypes_)
                  000059bc    00000067     display_lib.obj (.const:.string:Bcmd)
                  00005a23    0000003b     display_lib.obj (.const:.string:Rcmd1)
                  00005a5e    0000002b     display_lib.obj (.const:.string:Rcmd3)
                  00005a89    00000010     rfid.obj (.const:.string:$P$T1$2)
                  00005a99    0000000d     display_lib.obj (.const:.string:Rcmd2green)
                  00005aa6    0000000d     display_lib.obj (.const:.string:Rcmd2red)
                  00005ab3    00000006     rfid.obj (.const:.string:defaultKeyA)
                  00005ab9    00000002     rfid.obj (.const:.string:$P$T0$1)

.cinit     0    00005ac0    00000038     
                  00005ac0    00000014     (.cinit..data.load) [load image, compression = lzss]
                  00005ad4    0000000c     (__TI_handler_table)
                  00005ae0    00000008     (.cinit..bss.load) [load image, compression = zero_init]
                  00005ae8    00000010     (__TI_cinit_table)

.init_array 
*          0    00000000    00000000     UNINITIALIZED

.bss       0    20000000    00000a44     UNINITIALIZED
                  20000000    00000a20     (.common:rfidTable)
                  20000a20    0000000c     (.common:Message)
                  20000a2c    00000004     display_lib.obj (.bss)
                  20000a30    00000004     (.common:Messageindex)
                  20000a34    00000004     (.common:X)
                  20000a38    00000004     (.common:Ymax)
                  20000a3c    00000004     (.common:Ymin)
                  20000a40    00000004     (.common:Yrange)

.data      0    20000c48    0000001a     UNINITIALIZED
                  20000c48    00000014     display_lib.obj (.data)
                  20000c5c    00000004     rtsv7M4_T_le_v4SPD16_eabi.lib : errno.c.obj (.data)
                  20000c60    00000001     main.obj (.data)
                  20000c61    00000001     rfid.obj (.data)

.stack     0    20000a48    00000200     UNINITIALIZED
                  20000a48    00000004     rtsv7M4_T_le_v4SPD16_eabi.lib : boot_cortex_m.c.obj (.stack)
                  20000a4c    000001fc     --HOLE--

__llvm_prf_cnts 
*          0    20000000    00000000     UNINITIALIZED

MODULE SUMMARY

       Module                         code    ro data   rw data
       ------                         ----    -------   -------
    ./
       display_lib.obj                5104    2018      56     
       rfid.obj                       4456    24        2593   
       gpio.obj                       2056    0         0      
       main.obj                       920     0         1      
       tm4c123gh6pm_startup_ccs.obj   12      620       0      
       wait.obj                       28      0         0      
       clock.obj                      16      0         0      
    +--+------------------------------+-------+---------+---------+
       Total:                         12592   2662      2650   
                                                               
    /Applications/ti/ccs1280/ccs/tools/compiler/ti-cgt-arm_20.2.7.LTS/lib/rtsv7M4_T_le_v4SPD16_eabi.lib
       _printfi.c.obj                 4851    0         0      
       fd_add_t2.asm.obj              438     0         0      
       fd_div_t2.asm.obj              310     0         0      
       s_scalbn.c.obj                 272     0         0      
       fd_cmp_t2.asm.obj              268     0         0      
       ctype.c.obj                    0       257       0      
       fd_mul_t2.asm.obj              252     0         0      
       memcpy_t2.asm.obj              156     0         0      
       ull_div_t2.asm.obj             150     0         0      
       memset_t2.asm.obj              122     0         0      
       copy_decompress_lzss.c.obj     104     0         0      
       s_frexp.c.obj                  100     0         0      
       sprintf.c.obj                  98      0         0      
       _ltoa.c.obj                    84      0         0      
       atoi.c.obj                     76      0         0      
       fd_toi_t2.asm.obj              72      0         0      
       autoinit.c.obj                 68      0         0      
       boot_cortex_m.c.obj            52      0         0      
       i_tofd_t2.asm.obj              46      0         0      
       strcat.c.obj                   30      0         0      
       memccpy.c.obj                  28      0         0      
       s_copysign.c.obj               26      0         0      
       strchr.c.obj                   22      0         0      
       strlen.c.obj                   20      0         0      
       wcslen.c.obj                   18      0         0      
       copy_decompress_none.c.obj     14      0         0      
       copy_zero_init.c.obj           12      0         0      
       errno.c.obj                    8       0         4      
       exit.c.obj                     4       0         0      
       pre_init.c.obj                 4       0         0      
       div0.asm.obj                   2       0         0      
    +--+------------------------------+-------+---------+---------+
       Total:                         7707    257       4      
                                                               
       Stack:                         0       0         512    
       Linker Generated:              0       56        0      
    +--+------------------------------+-------+---------+---------+
       Grand Total:                   20299   2975      3166   


LINKER GENERATED COPY TABLES

__TI_cinit_table @ 00005ae8 records: 2, size/record: 8, table size: 16
	.data: load addr=00005ac0, load size=00000014 bytes, run addr=20000c48, run size=0000001a bytes, compression=lzss
	.bss: load addr=00005ae0, load size=00000008 bytes, run addr=20000000, run size=00000a44 bytes, compression=zero_init


LINKER GENERATED HANDLER TABLE

__TI_handler_table @ 00005ad4 records: 3, size/record: 4, table size: 12
	index: 0, handler: __TI_decompress_lzss
	index: 1, handler: __TI_decompress_none
	index: 2, handler: __TI_zero_init


GLOBAL SYMBOLS: SORTED ALPHABETICALLY BY Name 

address   name                          
-------   ----                          
000051bd  C$$EXIT                       
000002b9  Delay1ms                      
00003b99  Delete_Key                    
20000a20  Message                       
20000a30  Messageindex                  
000015fb  Output_Clear                  
00001615  Output_Color                  
000015eb  Output_Init                   
00001605  Output_Off                    
0000160d  Output_On                     
00003adb  Read_Key                      
0000519b  ResetISR                      
0000091d  ST7735_Color565               
0000097f  ST7735_DrawBitmap             
00000cf1  ST7735_DrawChar               
00000b7d  ST7735_DrawCharS              
00000721  ST7735_DrawFastHLine          
0000062f  ST7735_DrawFastVLine          
000005d5  ST7735_DrawPixel              
00000e5f  ST7735_DrawString             
00000811  ST7735_FillRect               
000007d1  ST7735_FillScreen             
000004a5  ST7735_InitB                  
000004c5  ST7735_InitR                  
00001093  ST7735_InvertDisplay          
000014d1  ST7735_OutChar                
0000158d  ST7735_OutString              
00000f4d  ST7735_OutUDec                
000013dd  ST7735_PlotBar                
000010ab  ST7735_PlotClear              
000011cd  ST7735_PlotLine               
0000147d  ST7735_PlotNext               
00001497  ST7735_PlotNextErase          
00001107  ST7735_PlotPoint              
00001307  ST7735_PlotPoints             
00001433  ST7735_PlotdBfs               
00000f27  ST7735_SetCursor              
00000fc9  ST7735_SetRotation            
000015ab  ST7735_SetTextColor           
00000959  ST7735_SwapColor              
20000c50  StTextColor                   
20000c48  StX                           
20000c4c  StY                           
00003b7f  Write_Key                     
20000a34  X                             
20000a38  Ymax                          
20000a3c  Ymin                          
20000a40  Yrange                        
20000c48  __STACK_END                   
00000200  __STACK_SIZE                  
20000c48  __STACK_TOP                   
00005ae8  __TI_CINIT_Base               
00005af8  __TI_CINIT_Limit              
00005ad4  __TI_Handler_Table_Base       
00005ae0  __TI_Handler_Table_Limit      
00004f85  __TI_auto_init_nobinit_nopinit
00004d29  __TI_decompress_lzss          
00005181  __TI_decompress_none          
00004e4b  __TI_ltoa                     
ffffffff  __TI_pprof_out_hndl           
000027c5  __TI_printfi                  
ffffffff  __TI_prof_data_size           
ffffffff  __TI_prof_data_start          
00000000  __TI_static_base__            
0000518f  __TI_zero_init                
00004b35  __aeabi_cdcmpeq               
00004b35  __aeabi_cdcmple               
00004bbb  __aeabi_cdrcmple              
00004f3d  __aeabi_d2iz                  
000041ff  __aeabi_dadd                  
000044e9  __aeabi_ddiv                  
00004855  __aeabi_dmul                  
000041f5  __aeabi_dsub                  
000051b1  __aeabi_errno_addr            
0000507d  __aeabi_i2d                   
00003213  __aeabi_idiv0                 
00003213  __aeabi_ldiv0                 
00004c41  __aeabi_memclr                
00004c41  __aeabi_memclr4               
00004c41  __aeabi_memclr8               
00004a03  __aeabi_memcpy                
00004a03  __aeabi_memcpy4               
00004a03  __aeabi_memcpy8               
00004c43  __aeabi_memset                
00004c43  __aeabi_memset4               
00004c43  __aeabi_memset8               
00004a9f  __aeabi_uldivmod              
ffffffff  __binit__                     
ffffffff  __c_args__                    
UNDEFED   __mpu_init                    
20000a48  __stack                       
20000000  __start___llvm_prf_cnts       
20000000  __stop___llvm_prf_cnts        
00005049  _c_int00_noargs               
000058bb  _ctypes_                      
UNDEFED   _system_post_cinit            
000051b9  _system_pre_init              
000051bd  abort                         
20000c60  arrow_pos                     
00004ef1  atoi                          
ffffffff  binit                         
00003c11  checkButtonDebounced          
00003869  clearPinInterrupt             
00005101  copysign                      
00005101  copysignl                     
000056bb  dBfs                          
00003a39  delete_arrow                  
00003845  disablePinInterrupt           
0000357d  disablePinPulldown            
00003535  disablePinPullup              
000032d1  disablePort                   
00003a1d  draw_arrow                    
00003821  enablePinInterrupt            
00003559  enablePinPulldown             
00003507  enablePinPullup               
00003215  enablePort                    
20000c5c  errno                         
000015dd  ferror                        
000015d1  fgetc                         
00000ee5  fillmessage                   
000015bf  fputc                         
00004d91  frexp                         
00004d91  frexpl                        
00000000  g_pfnVectors                  
000038d7  getPinValue                   
0000398d  getPortValue                  
0000165d  initRC                        
000016e5  initSpi1                      
00001797  initSpi2                      
00005171  initSystemClockTo40Mhz        
20000c58  lastj                         
00004745  ldexp                         
00004745  ldexpl                        
00003c69  main                          
00003a9f  main_menu                     
000050c9  memccpy                       
00004a03  memcpy                        
00004c49  memset                        
00003c43  menu_controller               
00001ee5  rc522Anticoll                 
0000200d  rc522Auth                     
00001bdd  rc522CalcCRC                  
00001a15  rc522GetVersion               
00002231  rc522HaltA                    
00001b45  rc522Init                     
000020d5  rc522ReadBlock                
00001e8b  rc522Request                  
00001f79  rc522SelectTag                
00001a35  rc522SpiSelfTest              
00002275  rc522StopCrypto               
00001c99  rc522ToCard                   
00002139  rc522WriteBlock               
00001b01  rcClearBitMask                
00001955  rcReadReg                     
00001ac5  rcSetBitMask                  
000018b7  rcWriteReg                    
00002289  readRFID                      
20000c61  rfidCount                     
20000000  rfidTable                     
00004745  scalbn                        
00004745  scalbnl                       
0000343b  selectPinAnalogInput          
000033ed  selectPinDigitalInput         
00003757  selectPinInterruptBothEdges   
00003707  selectPinInterruptFallingEdge 
000037ad  selectPinInterruptHighLevel   
000037e7  selectPinInterruptLowLevel    
000036b7  selectPinInterruptRisingEdge  
0000339f  selectPinOpenDrainOutput      
00003351  selectPinPushPullOutput       
000035a5  setPinAuxFunction             
0000348b  setPinCommitControl           
0000388d  setPinValue                   
00003915  setPortValue                  
0000176b  setSpi1BaudRate               
0000181f  setSpi2BaudRate               
00004fc9  sprintf                       
000050ab  strcat                        
00005133  strchr                        
00005149  strlen                        
000038b3  togglePinValue                
00003a51  update_arrow_pos              
000050e5  waitMicrosecond               
0000515d  wcslen                        
00002611  writeRFID                     


GLOBAL SYMBOLS: SORTED BY Symbol Address 

address   name                          
-------   ----                          
00000000  __TI_static_base__            
00000000  g_pfnVectors                  
00000200  __STACK_SIZE                  
000002b9  Delay1ms                      
000004a5  ST7735_InitB                  
000004c5  ST7735_InitR                  
000005d5  ST7735_DrawPixel              
0000062f  ST7735_DrawFastVLine          
00000721  ST7735_DrawFastHLine          
000007d1  ST7735_FillScreen             
00000811  ST7735_FillRect               
0000091d  ST7735_Color565               
00000959  ST7735_SwapColor              
0000097f  ST7735_DrawBitmap             
00000b7d  ST7735_DrawCharS              
00000cf1  ST7735_DrawChar               
00000e5f  ST7735_DrawString             
00000ee5  fillmessage                   
00000f27  ST7735_SetCursor              
00000f4d  ST7735_OutUDec                
00000fc9  ST7735_SetRotation            
00001093  ST7735_InvertDisplay          
000010ab  ST7735_PlotClear              
00001107  ST7735_PlotPoint              
000011cd  ST7735_PlotLine               
00001307  ST7735_PlotPoints             
000013dd  ST7735_PlotBar                
00001433  ST7735_PlotdBfs               
0000147d  ST7735_PlotNext               
00001497  ST7735_PlotNextErase          
000014d1  ST7735_OutChar                
0000158d  ST7735_OutString              
000015ab  ST7735_SetTextColor           
000015bf  fputc                         
000015d1  fgetc                         
000015dd  ferror                        
000015eb  Output_Init                   
000015fb  Output_Clear                  
00001605  Output_Off                    
0000160d  Output_On                     
00001615  Output_Color                  
0000165d  initRC                        
000016e5  initSpi1                      
0000176b  setSpi1BaudRate               
00001797  initSpi2                      
0000181f  setSpi2BaudRate               
000018b7  rcWriteReg                    
00001955  rcReadReg                     
00001a15  rc522GetVersion               
00001a35  rc522SpiSelfTest              
00001ac5  rcSetBitMask                  
00001b01  rcClearBitMask                
00001b45  rc522Init                     
00001bdd  rc522CalcCRC                  
00001c99  rc522ToCard                   
00001e8b  rc522Request                  
00001ee5  rc522Anticoll                 
00001f79  rc522SelectTag                
0000200d  rc522Auth                     
000020d5  rc522ReadBlock                
00002139  rc522WriteBlock               
00002231  rc522HaltA                    
00002275  rc522StopCrypto               
00002289  readRFID                      
00002611  writeRFID                     
000027c5  __TI_printfi                  
00003213  __aeabi_idiv0                 
00003213  __aeabi_ldiv0                 
00003215  enablePort                    
000032d1  disablePort                   
00003351  selectPinPushPullOutput       
0000339f  selectPinOpenDrainOutput      
000033ed  selectPinDigitalInput         
0000343b  selectPinAnalogInput          
0000348b  setPinCommitControl           
00003507  enablePinPullup               
00003535  disablePinPullup              
00003559  enablePinPulldown             
0000357d  disablePinPulldown            
000035a5  setPinAuxFunction             
000036b7  selectPinInterruptRisingEdge  
00003707  selectPinInterruptFallingEdge 
00003757  selectPinInterruptBothEdges   
000037ad  selectPinInterruptHighLevel   
000037e7  selectPinInterruptLowLevel    
00003821  enablePinInterrupt            
00003845  disablePinInterrupt           
00003869  clearPinInterrupt             
0000388d  setPinValue                   
000038b3  togglePinValue                
000038d7  getPinValue                   
00003915  setPortValue                  
0000398d  getPortValue                  
00003a1d  draw_arrow                    
00003a39  delete_arrow                  
00003a51  update_arrow_pos              
00003a9f  main_menu                     
00003adb  Read_Key                      
00003b7f  Write_Key                     
00003b99  Delete_Key                    
00003c11  checkButtonDebounced          
00003c43  menu_controller               
00003c69  main                          
000041f5  __aeabi_dsub                  
000041ff  __aeabi_dadd                  
000044e9  __aeabi_ddiv                  
00004745  ldexp                         
00004745  ldexpl                        
00004745  scalbn                        
00004745  scalbnl                       
00004855  __aeabi_dmul                  
00004a03  __aeabi_memcpy                
00004a03  __aeabi_memcpy4               
00004a03  __aeabi_memcpy8               
00004a03  memcpy                        
00004a9f  __aeabi_uldivmod              
00004b35  __aeabi_cdcmpeq               
00004b35  __aeabi_cdcmple               
00004bbb  __aeabi_cdrcmple              
00004c41  __aeabi_memclr                
00004c41  __aeabi_memclr4               
00004c41  __aeabi_memclr8               
00004c43  __aeabi_memset                
00004c43  __aeabi_memset4               
00004c43  __aeabi_memset8               
00004c49  memset                        
00004d29  __TI_decompress_lzss          
00004d91  frexp                         
00004d91  frexpl                        
00004e4b  __TI_ltoa                     
00004ef1  atoi                          
00004f3d  __aeabi_d2iz                  
00004f85  __TI_auto_init_nobinit_nopinit
00004fc9  sprintf                       
00005049  _c_int00_noargs               
0000507d  __aeabi_i2d                   
000050ab  strcat                        
000050c9  memccpy                       
000050e5  waitMicrosecond               
00005101  copysign                      
00005101  copysignl                     
00005133  strchr                        
00005149  strlen                        
0000515d  wcslen                        
00005171  initSystemClockTo40Mhz        
00005181  __TI_decompress_none          
0000518f  __TI_zero_init                
0000519b  ResetISR                      
000051b1  __aeabi_errno_addr            
000051b9  _system_pre_init              
000051bd  C$$EXIT                       
000051bd  abort                         
000056bb  dBfs                          
000058bb  _ctypes_                      
00005ad4  __TI_Handler_Table_Base       
00005ae0  __TI_Handler_Table_Limit      
00005ae8  __TI_CINIT_Base               
00005af8  __TI_CINIT_Limit              
20000000  __start___llvm_prf_cnts       
20000000  __stop___llvm_prf_cnts        
20000000  rfidTable                     
20000a20  Message                       
20000a30  Messageindex                  
20000a34  X                             
20000a38  Ymax                          
20000a3c  Ymin                          
20000a40  Yrange                        
20000a48  __stack                       
20000c48  StX                           
20000c48  __STACK_END                   
20000c48  __STACK_TOP                   
20000c4c  StY                           
20000c50  StTextColor                   
20000c58  lastj                         
20000c5c  errno                         
20000c60  arrow_pos                     
20000c61  rfidCount                     
ffffffff  __TI_pprof_out_hndl           
ffffffff  __TI_prof_data_size           
ffffffff  __TI_prof_data_start          
ffffffff  __binit__                     
ffffffff  __c_args__                    
ffffffff  binit                         
UNDEFED   __mpu_init                    
UNDEFED   _system_post_cinit            

[185 symbols]
