<?xml version="1.0" encoding="ISO-8859-1" ?>
<link_info>
   <banner>TI ARM Linker Unix v20.2.7.LTS</banner>
   <copyright>Copyright (c) 1996-2018 Texas Instruments Incorporated</copyright>
   <link_time>0x69ee9dac</link_time>
   <link_errors>0x0</link_errors>
   <output_file>COPIER_PROJ.out</output_file>
   <entry_point>
      <name>_c_int00_noargs</name>
      <address>0x5049</address>
   </entry_point>
   <input_file_list>
      <input_file id="fl-1">
         <path>./</path>
         <kind>object</kind>
         <file>clock.obj</file>
         <name>clock.obj</name>
      </input_file>
      <input_file id="fl-2">
         <path>./</path>
         <kind>object</kind>
         <file>display_lib.obj</file>
         <name>display_lib.obj</name>
      </input_file>
      <input_file id="fl-3">
         <path>./</path>
         <kind>object</kind>
         <file>gpio.obj</file>
         <name>gpio.obj</name>
      </input_file>
      <input_file id="fl-4">
         <path>./</path>
         <kind>object</kind>
         <file>main.obj</file>
         <name>main.obj</name>
      </input_file>
      <input_file id="fl-5">
         <path>./</path>
         <kind>object</kind>
         <file>rfid.obj</file>
         <name>rfid.obj</name>
      </input_file>
      <input_file id="fl-6">
         <path>./</path>
         <kind>object</kind>
         <file>tm4c123gh6pm_startup_ccs.obj</file>
         <name>tm4c123gh6pm_startup_ccs.obj</name>
      </input_file>
      <input_file id="fl-7">
         <path>./</path>
         <kind>object</kind>
         <file>wait.obj</file>
         <name>wait.obj</name>
      </input_file>
      <input_file id="fl-b">
         <kind>object</kind>
         <file>&lt;internal&gt;</file>
         <name>&lt;internal&gt;</name>
      </input_file>
      <input_file id="fl-c1">
         <path>/Applications/ti/ccs1280/ccs/tools/compiler/ti-cgt-arm_20.2.7.LTS/lib/</path>
         <kind>archive</kind>
         <file>rtsv7M4_T_le_v4SPD16_eabi.lib</file>
         <name>sprintf.c.obj</name>
      </input_file>
      <input_file id="fl-c2">
         <path>/Applications/ti/ccs1280/ccs/tools/compiler/ti-cgt-arm_20.2.7.LTS/lib/</path>
         <kind>archive</kind>
         <file>rtsv7M4_T_le_v4SPD16_eabi.lib</file>
         <name>memcpy_t2.asm.obj</name>
      </input_file>
      <input_file id="fl-c3">
         <path>/Applications/ti/ccs1280/ccs/tools/compiler/ti-cgt-arm_20.2.7.LTS/lib/</path>
         <kind>archive</kind>
         <file>rtsv7M4_T_le_v4SPD16_eabi.lib</file>
         <name>memset_t2.asm.obj</name>
      </input_file>
      <input_file id="fl-c4">
         <path>/Applications/ti/ccs1280/ccs/tools/compiler/ti-cgt-arm_20.2.7.LTS/lib/</path>
         <kind>archive</kind>
         <file>rtsv7M4_T_le_v4SPD16_eabi.lib</file>
         <name>copy_zero_init.c.obj</name>
      </input_file>
      <input_file id="fl-c5">
         <path>/Applications/ti/ccs1280/ccs/tools/compiler/ti-cgt-arm_20.2.7.LTS/lib/</path>
         <kind>archive</kind>
         <file>rtsv7M4_T_le_v4SPD16_eabi.lib</file>
         <name>copy_decompress_none.c.obj</name>
      </input_file>
      <input_file id="fl-c6">
         <path>/Applications/ti/ccs1280/ccs/tools/compiler/ti-cgt-arm_20.2.7.LTS/lib/</path>
         <kind>archive</kind>
         <file>rtsv7M4_T_le_v4SPD16_eabi.lib</file>
         <name>copy_decompress_lzss.c.obj</name>
      </input_file>
      <input_file id="fl-c7">
         <path>/Applications/ti/ccs1280/ccs/tools/compiler/ti-cgt-arm_20.2.7.LTS/lib/</path>
         <kind>archive</kind>
         <file>rtsv7M4_T_le_v4SPD16_eabi.lib</file>
         <name>strcat.c.obj</name>
      </input_file>
      <input_file id="fl-c8">
         <path>/Applications/ti/ccs1280/ccs/tools/compiler/ti-cgt-arm_20.2.7.LTS/lib/</path>
         <kind>archive</kind>
         <file>rtsv7M4_T_le_v4SPD16_eabi.lib</file>
         <name>boot_cortex_m.c.obj</name>
      </input_file>
      <input_file id="fl-c9">
         <path>/Applications/ti/ccs1280/ccs/tools/compiler/ti-cgt-arm_20.2.7.LTS/lib/</path>
         <kind>archive</kind>
         <file>rtsv7M4_T_le_v4SPD16_eabi.lib</file>
         <name>_printfi.c.obj</name>
      </input_file>
      <input_file id="fl-ca">
         <path>/Applications/ti/ccs1280/ccs/tools/compiler/ti-cgt-arm_20.2.7.LTS/lib/</path>
         <kind>archive</kind>
         <file>rtsv7M4_T_le_v4SPD16_eabi.lib</file>
         <name>fd_add_t2.asm.obj</name>
      </input_file>
      <input_file id="fl-cb">
         <path>/Applications/ti/ccs1280/ccs/tools/compiler/ti-cgt-arm_20.2.7.LTS/lib/</path>
         <kind>archive</kind>
         <file>rtsv7M4_T_le_v4SPD16_eabi.lib</file>
         <name>fd_cmp_t2.asm.obj</name>
      </input_file>
      <input_file id="fl-cc">
         <path>/Applications/ti/ccs1280/ccs/tools/compiler/ti-cgt-arm_20.2.7.LTS/lib/</path>
         <kind>archive</kind>
         <file>rtsv7M4_T_le_v4SPD16_eabi.lib</file>
         <name>fd_div_t2.asm.obj</name>
      </input_file>
      <input_file id="fl-cd">
         <path>/Applications/ti/ccs1280/ccs/tools/compiler/ti-cgt-arm_20.2.7.LTS/lib/</path>
         <kind>archive</kind>
         <file>rtsv7M4_T_le_v4SPD16_eabi.lib</file>
         <name>fd_mul_t2.asm.obj</name>
      </input_file>
      <input_file id="fl-ce">
         <path>/Applications/ti/ccs1280/ccs/tools/compiler/ti-cgt-arm_20.2.7.LTS/lib/</path>
         <kind>archive</kind>
         <file>rtsv7M4_T_le_v4SPD16_eabi.lib</file>
         <name>fd_toi_t2.asm.obj</name>
      </input_file>
      <input_file id="fl-cf">
         <path>/Applications/ti/ccs1280/ccs/tools/compiler/ti-cgt-arm_20.2.7.LTS/lib/</path>
         <kind>archive</kind>
         <file>rtsv7M4_T_le_v4SPD16_eabi.lib</file>
         <name>i_tofd_t2.asm.obj</name>
      </input_file>
      <input_file id="fl-d0">
         <path>/Applications/ti/ccs1280/ccs/tools/compiler/ti-cgt-arm_20.2.7.LTS/lib/</path>
         <kind>archive</kind>
         <file>rtsv7M4_T_le_v4SPD16_eabi.lib</file>
         <name>ull_div_t2.asm.obj</name>
      </input_file>
      <input_file id="fl-d1">
         <path>/Applications/ti/ccs1280/ccs/tools/compiler/ti-cgt-arm_20.2.7.LTS/lib/</path>
         <kind>archive</kind>
         <file>rtsv7M4_T_le_v4SPD16_eabi.lib</file>
         <name>autoinit.c.obj</name>
      </input_file>
      <input_file id="fl-d2">
         <path>/Applications/ti/ccs1280/ccs/tools/compiler/ti-cgt-arm_20.2.7.LTS/lib/</path>
         <kind>archive</kind>
         <file>rtsv7M4_T_le_v4SPD16_eabi.lib</file>
         <name>pre_init.c.obj</name>
      </input_file>
      <input_file id="fl-d3">
         <path>/Applications/ti/ccs1280/ccs/tools/compiler/ti-cgt-arm_20.2.7.LTS/lib/</path>
         <kind>archive</kind>
         <file>rtsv7M4_T_le_v4SPD16_eabi.lib</file>
         <name>cpy_tbl.c.obj</name>
      </input_file>
      <input_file id="fl-d4">
         <path>/Applications/ti/ccs1280/ccs/tools/compiler/ti-cgt-arm_20.2.7.LTS/lib/</path>
         <kind>archive</kind>
         <file>rtsv7M4_T_le_v4SPD16_eabi.lib</file>
         <name>exit.c.obj</name>
      </input_file>
      <input_file id="fl-d5">
         <path>/Applications/ti/ccs1280/ccs/tools/compiler/ti-cgt-arm_20.2.7.LTS/lib/</path>
         <kind>archive</kind>
         <file>rtsv7M4_T_le_v4SPD16_eabi.lib</file>
         <name>_lock.c.obj</name>
      </input_file>
      <input_file id="fl-d6">
         <path>/Applications/ti/ccs1280/ccs/tools/compiler/ti-cgt-arm_20.2.7.LTS/lib/</path>
         <kind>archive</kind>
         <file>rtsv7M4_T_le_v4SPD16_eabi.lib</file>
         <name>_ltoa.c.obj</name>
      </input_file>
      <input_file id="fl-d7">
         <path>/Applications/ti/ccs1280/ccs/tools/compiler/ti-cgt-arm_20.2.7.LTS/lib/</path>
         <kind>archive</kind>
         <file>rtsv7M4_T_le_v4SPD16_eabi.lib</file>
         <name>args_main.c.obj</name>
      </input_file>
      <input_file id="fl-d8">
         <path>/Applications/ti/ccs1280/ccs/tools/compiler/ti-cgt-arm_20.2.7.LTS/lib/</path>
         <kind>archive</kind>
         <file>rtsv7M4_T_le_v4SPD16_eabi.lib</file>
         <name>atoi.c.obj</name>
      </input_file>
      <input_file id="fl-d9">
         <path>/Applications/ti/ccs1280/ccs/tools/compiler/ti-cgt-arm_20.2.7.LTS/lib/</path>
         <kind>archive</kind>
         <file>rtsv7M4_T_le_v4SPD16_eabi.lib</file>
         <name>ctype.c.obj</name>
      </input_file>
      <input_file id="fl-da">
         <path>/Applications/ti/ccs1280/ccs/tools/compiler/ti-cgt-arm_20.2.7.LTS/lib/</path>
         <kind>archive</kind>
         <file>rtsv7M4_T_le_v4SPD16_eabi.lib</file>
         <name>memccpy.c.obj</name>
      </input_file>
      <input_file id="fl-db">
         <path>/Applications/ti/ccs1280/ccs/tools/compiler/ti-cgt-arm_20.2.7.LTS/lib/</path>
         <kind>archive</kind>
         <file>rtsv7M4_T_le_v4SPD16_eabi.lib</file>
         <name>strchr.c.obj</name>
      </input_file>
      <input_file id="fl-dc">
         <path>/Applications/ti/ccs1280/ccs/tools/compiler/ti-cgt-arm_20.2.7.LTS/lib/</path>
         <kind>archive</kind>
         <file>rtsv7M4_T_le_v4SPD16_eabi.lib</file>
         <name>strlen.c.obj</name>
      </input_file>
      <input_file id="fl-dd">
         <path>/Applications/ti/ccs1280/ccs/tools/compiler/ti-cgt-arm_20.2.7.LTS/lib/</path>
         <kind>archive</kind>
         <file>rtsv7M4_T_le_v4SPD16_eabi.lib</file>
         <name>errno.c.obj</name>
      </input_file>
      <input_file id="fl-de">
         <path>/Applications/ti/ccs1280/ccs/tools/compiler/ti-cgt-arm_20.2.7.LTS/lib/</path>
         <kind>archive</kind>
         <file>rtsv7M4_T_le_v4SPD16_eabi.lib</file>
         <name>wcslen.c.obj</name>
      </input_file>
      <input_file id="fl-df">
         <path>/Applications/ti/ccs1280/ccs/tools/compiler/ti-cgt-arm_20.2.7.LTS/lib/</path>
         <kind>archive</kind>
         <file>rtsv7M4_T_le_v4SPD16_eabi.lib</file>
         <name>s_frexp.c.obj</name>
      </input_file>
      <input_file id="fl-e0">
         <path>/Applications/ti/ccs1280/ccs/tools/compiler/ti-cgt-arm_20.2.7.LTS/lib/</path>
         <kind>archive</kind>
         <file>rtsv7M4_T_le_v4SPD16_eabi.lib</file>
         <name>s_scalbn.c.obj</name>
      </input_file>
      <input_file id="fl-e1">
         <path>/Applications/ti/ccs1280/ccs/tools/compiler/ti-cgt-arm_20.2.7.LTS/lib/</path>
         <kind>archive</kind>
         <file>rtsv7M4_T_le_v4SPD16_eabi.lib</file>
         <name>div0.asm.obj</name>
      </input_file>
      <input_file id="fl-e2">
         <path>/Applications/ti/ccs1280/ccs/tools/compiler/ti-cgt-arm_20.2.7.LTS/lib/</path>
         <kind>archive</kind>
         <file>rtsv7M4_T_le_v4SPD16_eabi.lib</file>
         <name>s_copysign.c.obj</name>
      </input_file>
   </input_file_list>
   <object_component_list>
      <object_component id="oc-12">
         <name>.intvecs</name>
         <load_address>0x0</load_address>
         <run_address>0x0</run_address>
         <size>0x26c</size>
         <input_file_ref idref="fl-6"/>
      </object_component>
      <object_component id="oc-c3">
         <name>.text</name>
         <load_address>0x26c</load_address>
         <run_address>0x26c</run_address>
         <size>0x13f0</size>
         <input_file_ref idref="fl-2"/>
      </object_component>
      <object_component id="oc-ce">
         <name>.text</name>
         <load_address>0x165c</load_address>
         <run_address>0x165c</run_address>
         <size>0x1168</size>
         <input_file_ref idref="fl-5"/>
      </object_component>
      <object_component id="oc-1c0">
         <name>.text:__TI_printfi</name>
         <load_address>0x27c4</load_address>
         <run_address>0x27c4</run_address>
         <size>0xa4e</size>
         <input_file_ref idref="fl-c9"/>
      </object_component>
      <object_component id="oc-2ef">
         <name>.text</name>
         <load_address>0x3212</load_address>
         <run_address>0x3212</run_address>
         <size>0x2</size>
         <input_file_ref idref="fl-e1"/>
      </object_component>
      <object_component id="oc-d4">
         <name>.text</name>
         <load_address>0x3214</load_address>
         <run_address>0x3214</run_address>
         <size>0x808</size>
         <input_file_ref idref="fl-3"/>
      </object_component>
      <object_component id="oc-9b">
         <name>.text</name>
         <load_address>0x3a1c</load_address>
         <run_address>0x3a1c</run_address>
         <size>0x398</size>
         <input_file_ref idref="fl-4"/>
      </object_component>
      <object_component id="oc-22e">
         <name>.text:_pconv_a</name>
         <load_address>0x3db4</load_address>
         <run_address>0x3db4</run_address>
         <size>0x270</size>
         <input_file_ref idref="fl-c9"/>
      </object_component>
      <object_component id="oc-21c">
         <name>.text:_pconv_g</name>
         <load_address>0x4024</load_address>
         <run_address>0x4024</run_address>
         <size>0x1d0</size>
         <input_file_ref idref="fl-c9"/>
      </object_component>
      <object_component id="oc-296">
         <name>.text</name>
         <load_address>0x41f4</load_address>
         <run_address>0x41f4</run_address>
         <size>0x1b6</size>
         <input_file_ref idref="fl-ca"/>
      </object_component>
      <object_component id="oc-228">
         <name>.text:_pconv_e</name>
         <load_address>0x43ac</load_address>
         <run_address>0x43ac</run_address>
         <size>0x13c</size>
         <input_file_ref idref="fl-c9"/>
      </object_component>
      <object_component id="oc-27c">
         <name>.text</name>
         <load_address>0x44e8</load_address>
         <run_address>0x44e8</run_address>
         <size>0x136</size>
         <input_file_ref idref="fl-cc"/>
      </object_component>
      <object_component id="oc-2a8">
         <name>.text:fcvt</name>
         <load_address>0x4620</load_address>
         <run_address>0x4620</run_address>
         <size>0x124</size>
         <input_file_ref idref="fl-c9"/>
      </object_component>
      <object_component id="oc-2bc">
         <name>.text:scalbn</name>
         <load_address>0x4744</load_address>
         <run_address>0x4744</run_address>
         <size>0x110</size>
         <input_file_ref idref="fl-e0"/>
      </object_component>
      <object_component id="oc-277">
         <name>.text</name>
         <load_address>0x4854</load_address>
         <run_address>0x4854</run_address>
         <size>0xfc</size>
         <input_file_ref idref="fl-cd"/>
      </object_component>
      <object_component id="oc-211">
         <name>.text:_ltostr</name>
         <load_address>0x4950</load_address>
         <run_address>0x4950</run_address>
         <size>0xb1</size>
         <input_file_ref idref="fl-c9"/>
      </object_component>
      <object_component id="oc-3b">
         <name>.text</name>
         <load_address>0x4a02</load_address>
         <run_address>0x4a02</run_address>
         <size>0x9c</size>
         <input_file_ref idref="fl-c2"/>
      </object_component>
      <object_component id="oc-270">
         <name>.text</name>
         <load_address>0x4a9e</load_address>
         <run_address>0x4a9e</run_address>
         <size>0x96</size>
         <input_file_ref idref="fl-d0"/>
      </object_component>
      <object_component id="oc-217">
         <name>.text:__aeabi_cdcmple</name>
         <load_address>0x4b34</load_address>
         <run_address>0x4b34</run_address>
         <size>0x86</size>
         <input_file_ref idref="fl-cb"/>
      </object_component>
      <object_component id="oc-281">
         <name>.text:__aeabi_cdrcmple</name>
         <load_address>0x4bba</load_address>
         <run_address>0x4bba</run_address>
         <size>0x86</size>
         <input_file_ref idref="fl-cb"/>
      </object_component>
      <object_component id="oc-8f">
         <name>.text</name>
         <load_address>0x4c40</load_address>
         <run_address>0x4c40</run_address>
         <size>0x7a</size>
         <input_file_ref idref="fl-c3"/>
      </object_component>
      <object_component id="oc-2a1">
         <name>.text:_mcpy</name>
         <load_address>0x4cba</load_address>
         <run_address>0x4cba</run_address>
         <size>0x6e</size>
         <input_file_ref idref="fl-c9"/>
      </object_component>
      <object_component id="oc-15">
         <name>.text:decompress:lzss:__TI_decompress_lzss</name>
         <load_address>0x4d28</load_address>
         <run_address>0x4d28</run_address>
         <size>0x68</size>
         <input_file_ref idref="fl-c6"/>
      </object_component>
      <object_component id="oc-2b6">
         <name>.text:frexp</name>
         <load_address>0x4d90</load_address>
         <run_address>0x4d90</run_address>
         <size>0x64</size>
         <input_file_ref idref="fl-df"/>
      </object_component>
      <object_component id="oc-222">
         <name>.text:_pconv_f</name>
         <load_address>0x4df4</load_address>
         <run_address>0x4df4</run_address>
         <size>0x56</size>
         <input_file_ref idref="fl-c9"/>
      </object_component>
      <object_component id="oc-28b">
         <name>.text:__TI_ltoa</name>
         <load_address>0x4e4a</load_address>
         <run_address>0x4e4a</run_address>
         <size>0x54</size>
         <input_file_ref idref="fl-d6"/>
      </object_component>
      <object_component id="oc-29b">
         <name>.text:_ecpy</name>
         <load_address>0x4e9e</load_address>
         <run_address>0x4e9e</run_address>
         <size>0x52</size>
         <input_file_ref idref="fl-c9"/>
      </object_component>
      <object_component id="oc-20b">
         <name>.text:atoi</name>
         <load_address>0x4ef0</load_address>
         <run_address>0x4ef0</run_address>
         <size>0x4c</size>
         <input_file_ref idref="fl-d8"/>
      </object_component>
      <object_component id="oc-286">
         <name>.text</name>
         <load_address>0x4f3c</load_address>
         <run_address>0x4f3c</run_address>
         <size>0x48</size>
         <input_file_ref idref="fl-ce"/>
      </object_component>
      <object_component id="oc-f8">
         <name>.text:__TI_auto_init_nobinit_nopinit:__TI_auto_init_nobinit_nopinit</name>
         <load_address>0x4f84</load_address>
         <run_address>0x4f84</run_address>
         <size>0x44</size>
         <input_file_ref idref="fl-d1"/>
      </object_component>
      <object_component id="oc-159">
         <name>.text:sprintf</name>
         <load_address>0x4fc8</load_address>
         <run_address>0x4fc8</run_address>
         <size>0x40</size>
         <input_file_ref idref="fl-c1"/>
      </object_component>
      <object_component id="oc-2ae">
         <name>.text:_fcpy</name>
         <load_address>0x5008</load_address>
         <run_address>0x5008</run_address>
         <size>0x3e</size>
         <input_file_ref idref="fl-c9"/>
      </object_component>
      <object_component id="oc-59">
         <name>.text:_c_int00_noargs:_c_int00_noargs</name>
         <load_address>0x5048</load_address>
         <run_address>0x5048</run_address>
         <size>0x34</size>
         <input_file_ref idref="fl-c8"/>
      </object_component>
      <object_component id="oc-291">
         <name>.text</name>
         <load_address>0x507c</load_address>
         <run_address>0x507c</run_address>
         <size>0x2e</size>
         <input_file_ref idref="fl-cf"/>
      </object_component>
      <object_component id="oc-15f">
         <name>.text:strcat</name>
         <load_address>0x50aa</load_address>
         <run_address>0x50aa</run_address>
         <size>0x1e</size>
         <input_file_ref idref="fl-c7"/>
      </object_component>
      <object_component id="oc-234">
         <name>.text:memccpy</name>
         <load_address>0x50c8</load_address>
         <run_address>0x50c8</run_address>
         <size>0x1c</size>
         <input_file_ref idref="fl-da"/>
      </object_component>
      <object_component id="oc-c9">
         <name>.text</name>
         <load_address>0x50e4</load_address>
         <run_address>0x50e4</run_address>
         <size>0x1c</size>
         <input_file_ref idref="fl-7"/>
      </object_component>
      <object_component id="oc-308">
         <name>.text:copysign</name>
         <load_address>0x5100</load_address>
         <run_address>0x5100</run_address>
         <size>0x1a</size>
         <input_file_ref idref="fl-e2"/>
      </object_component>
      <object_component id="oc-1c6">
         <name>.text:_outs</name>
         <load_address>0x511a</load_address>
         <run_address>0x511a</run_address>
         <size>0x18</size>
         <input_file_ref idref="fl-c1"/>
      </object_component>
      <object_component id="oc-2c2">
         <name>.text:strchr</name>
         <load_address>0x5132</load_address>
         <run_address>0x5132</run_address>
         <size>0x16</size>
         <input_file_ref idref="fl-db"/>
      </object_component>
      <object_component id="oc-205">
         <name>.text:strlen</name>
         <load_address>0x5148</load_address>
         <run_address>0x5148</run_address>
         <size>0x14</size>
         <input_file_ref idref="fl-dc"/>
      </object_component>
      <object_component id="oc-23a">
         <name>.text:wcslen</name>
         <load_address>0x515c</load_address>
         <run_address>0x515c</run_address>
         <size>0x12</size>
         <input_file_ref idref="fl-de"/>
      </object_component>
      <object_component id="oc-da">
         <name>.text</name>
         <load_address>0x5170</load_address>
         <run_address>0x5170</run_address>
         <size>0x10</size>
         <input_file_ref idref="fl-1"/>
      </object_component>
      <object_component id="oc-1b">
         <name>.text:decompress:none:__TI_decompress_none</name>
         <load_address>0x5180</load_address>
         <run_address>0x5180</run_address>
         <size>0xe</size>
         <input_file_ref idref="fl-c5"/>
      </object_component>
      <object_component id="oc-4d">
         <name>.text:decompress:ZI:__TI_zero_init</name>
         <load_address>0x518e</load_address>
         <run_address>0x518e</run_address>
         <size>0xc</size>
         <input_file_ref idref="fl-c4"/>
      </object_component>
      <object_component id="oc-27">
         <name>.text</name>
         <load_address>0x519a</load_address>
         <run_address>0x519a</run_address>
         <size>0xc</size>
         <input_file_ref idref="fl-6"/>
      </object_component>
      <object_component id="oc-1cc">
         <name>.text:_outc</name>
         <load_address>0x51a6</load_address>
         <run_address>0x51a6</run_address>
         <size>0xa</size>
         <input_file_ref idref="fl-c1"/>
      </object_component>
      <object_component id="oc-240">
         <name>.text:__aeabi_errno_addr</name>
         <load_address>0x51b0</load_address>
         <run_address>0x51b0</run_address>
         <size>0x8</size>
         <input_file_ref idref="fl-dd"/>
      </object_component>
      <object_component id="oc-95">
         <name>.text:_system_pre_init</name>
         <load_address>0x51b8</load_address>
         <run_address>0x51b8</run_address>
         <size>0x4</size>
         <input_file_ref idref="fl-d2"/>
      </object_component>
      <object_component id="oc-ec">
         <name>.text:abort:abort</name>
         <load_address>0x51bc</load_address>
         <run_address>0x51bc</run_address>
         <size>0x4</size>
         <input_file_ref idref="fl-d4"/>
      </object_component>
      <object_component id="oc-141">
         <name>.const:.string:Font</name>
         <load_address>0x51c0</load_address>
         <run_address>0x51c0</run_address>
         <size>0x4fb</size>
         <input_file_ref idref="fl-2"/>
      </object_component>
      <object_component id="oc-14c">
         <name>.const:.string:dBfs</name>
         <load_address>0x56bb</load_address>
         <run_address>0x56bb</run_address>
         <size>0x200</size>
         <input_file_ref idref="fl-2"/>
      </object_component>
      <object_component id="oc-26b">
         <name>.const:.string:_ctypes_</name>
         <load_address>0x58bb</load_address>
         <run_address>0x58bb</run_address>
         <size>0x101</size>
         <input_file_ref idref="fl-d9"/>
      </object_component>
      <object_component id="oc-12f">
         <name>.const:.string:Bcmd</name>
         <load_address>0x59bc</load_address>
         <run_address>0x59bc</run_address>
         <size>0x67</size>
         <input_file_ref idref="fl-2"/>
      </object_component>
      <object_component id="oc-135">
         <name>.const:.string:Rcmd1</name>
         <load_address>0x5a23</load_address>
         <run_address>0x5a23</run_address>
         <size>0x3b</size>
         <input_file_ref idref="fl-2"/>
      </object_component>
      <object_component id="oc-13e">
         <name>.const:.string:Rcmd3</name>
         <load_address>0x5a5e</load_address>
         <run_address>0x5a5e</run_address>
         <size>0x2b</size>
         <input_file_ref idref="fl-2"/>
      </object_component>
      <object_component id="oc-168">
         <name>.const:.string:$P$T1$2</name>
         <load_address>0x5a89</load_address>
         <run_address>0x5a89</run_address>
         <size>0x10</size>
         <input_file_ref idref="fl-5"/>
      </object_component>
      <object_component id="oc-138">
         <name>.const:.string:Rcmd2green</name>
         <load_address>0x5a99</load_address>
         <run_address>0x5a99</run_address>
         <size>0xd</size>
         <input_file_ref idref="fl-2"/>
      </object_component>
      <object_component id="oc-13b">
         <name>.const:.string:Rcmd2red</name>
         <load_address>0x5aa6</load_address>
         <run_address>0x5aa6</run_address>
         <size>0xd</size>
         <input_file_ref idref="fl-2"/>
      </object_component>
      <object_component id="oc-16b">
         <name>.const:.string:defaultKeyA</name>
         <load_address>0x5ab3</load_address>
         <run_address>0x5ab3</run_address>
         <size>0x6</size>
         <input_file_ref idref="fl-5"/>
      </object_component>
      <object_component id="oc-156">
         <name>.const:.string:$P$T0$1</name>
         <load_address>0x5ab9</load_address>
         <run_address>0x5ab9</run_address>
         <size>0x2</size>
         <input_file_ref idref="fl-5"/>
      </object_component>
      <object_component id="oc-360">
         <name>.cinit..data.load</name>
         <load_address>0x5ac0</load_address>
         <run_address>0x5ac0</run_address>
         <size>0x14</size>
      </object_component>
      <object_component id="oc-35e">
         <name>__TI_handler_table</name>
         <load_address>0x5ad4</load_address>
         <run_address>0x5ad4</run_address>
         <size>0xc</size>
      </object_component>
      <object_component id="oc-361">
         <name>.cinit..bss.load</name>
         <load_address>0x5ae0</load_address>
         <run_address>0x5ae0</run_address>
         <size>0x8</size>
      </object_component>
      <object_component id="oc-35f">
         <name>__TI_cinit_table</name>
         <load_address>0x5ae8</load_address>
         <run_address>0x5ae8</run_address>
         <size>0x10</size>
      </object_component>
      <object_component id="oc-132">
         <name>.data</name>
         <load_address>0x20000c48</load_address>
         <run_address>0x20000c48</run_address>
         <size>0x14</size>
         <input_file_ref idref="fl-2"/>
      </object_component>
      <object_component id="oc-e0">
         <name>.data</name>
         <load_address>0x20000c60</load_address>
         <run_address>0x20000c60</run_address>
         <size>0x1</size>
         <input_file_ref idref="fl-4"/>
      </object_component>
      <object_component id="oc-165">
         <name>.data</name>
         <load_address>0x20000c61</load_address>
         <run_address>0x20000c61</run_address>
         <size>0x1</size>
         <input_file_ref idref="fl-5"/>
      </object_component>
      <object_component id="oc-2d2">
         <name>.data</name>
         <load_address>0x20000c5c</load_address>
         <run_address>0x20000c5c</run_address>
         <size>0x4</size>
         <input_file_ref idref="fl-dd"/>
      </object_component>
      <object_component id="oc-12c">
         <name>.bss</name>
         <uninitialized>true</uninitialized>
         <run_address>0x20000a2c</run_address>
         <size>0x4</size>
         <input_file_ref idref="fl-2"/>
      </object_component>
      <object_component id="oc-144">
         <name>.common:Message</name>
         <uninitialized>true</uninitialized>
         <run_address>0x20000a20</run_address>
         <size>0xc</size>
      </object_component>
      <object_component id="oc-147">
         <name>.common:Messageindex</name>
         <uninitialized>true</uninitialized>
         <run_address>0x20000a30</run_address>
         <size>0x4</size>
      </object_component>
      <object_component id="oc-148">
         <name>.common:Ymax</name>
         <uninitialized>true</uninitialized>
         <run_address>0x20000a38</run_address>
         <size>0x4</size>
      </object_component>
      <object_component id="oc-149">
         <name>.common:Ymin</name>
         <uninitialized>true</uninitialized>
         <run_address>0x20000a3c</run_address>
         <size>0x4</size>
      </object_component>
      <object_component id="oc-14b">
         <name>.common:X</name>
         <uninitialized>true</uninitialized>
         <run_address>0x20000a34</run_address>
         <size>0x4</size>
      </object_component>
      <object_component id="oc-14a">
         <name>.common:Yrange</name>
         <uninitialized>true</uninitialized>
         <run_address>0x20000a40</run_address>
         <size>0x4</size>
      </object_component>
      <object_component id="oc-e3">
         <name>.common:rfidTable</name>
         <uninitialized>true</uninitialized>
         <run_address>0x20000000</run_address>
         <size>0xa20</size>
      </object_component>
      <object_component id="oc-24">
         <name>.stack</name>
         <uninitialized>true</uninitialized>
         <run_address>0x20000a48</run_address>
         <size>0x4</size>
         <input_file_ref idref="fl-c8"/>
      </object_component>
      <object_component id="oc-363">
         <name>.stack</name>
         <uninitialized>true</uninitialized>
         <run_address>0x20000a48</run_address>
         <size>0x0</size>
      </object_component>
      <object_component id="oc-b2">
         <name>.debug_info</name>
         <load_address>0x0</load_address>
         <run_address>0x0</run_address>
         <size>0x258</size>
         <input_file_ref idref="fl-1"/>
      </object_component>
      <object_component id="oc-db">
         <name>.debug_info</name>
         <load_address>0x258</load_address>
         <run_address>0x258</run_address>
         <size>0x115</size>
         <input_file_ref idref="fl-1"/>
      </object_component>
      <object_component id="oc-70">
         <name>.debug_info</name>
         <load_address>0x36d</load_address>
         <run_address>0x36d</run_address>
         <size>0x26b</size>
         <input_file_ref idref="fl-1"/>
      </object_component>
      <object_component id="oc-36">
         <name>.debug_info</name>
         <load_address>0x5d8</load_address>
         <run_address>0x5d8</run_address>
         <size>0x84</size>
         <input_file_ref idref="fl-1"/>
      </object_component>
      <object_component id="oc-ad">
         <name>.debug_info</name>
         <load_address>0x65c</load_address>
         <run_address>0x65c</run_address>
         <size>0x2a4</size>
         <input_file_ref idref="fl-1"/>
      </object_component>
      <object_component id="oc-75">
         <name>.debug_info</name>
         <load_address>0x900</load_address>
         <run_address>0x900</run_address>
         <size>0xbb</size>
         <input_file_ref idref="fl-1"/>
      </object_component>
      <object_component id="oc-145">
         <name>.debug_info</name>
         <load_address>0x9bb</load_address>
         <run_address>0x9bb</run_address>
         <size>0x3a1</size>
         <input_file_ref idref="fl-2"/>
      </object_component>
      <object_component id="oc-133">
         <name>.debug_info</name>
         <load_address>0xd5c</load_address>
         <run_address>0xd5c</run_address>
         <size>0x15f</size>
         <input_file_ref idref="fl-2"/>
      </object_component>
      <object_component id="oc-142">
         <name>.debug_info</name>
         <load_address>0xebb</load_address>
         <run_address>0xebb</run_address>
         <size>0xca</size>
         <input_file_ref idref="fl-2"/>
      </object_component>
      <object_component id="oc-12d">
         <name>.debug_info</name>
         <load_address>0xf85</load_address>
         <run_address>0xf85</run_address>
         <size>0x136</size>
         <input_file_ref idref="fl-2"/>
      </object_component>
      <object_component id="oc-130">
         <name>.debug_info</name>
         <load_address>0x10bb</load_address>
         <run_address>0x10bb</run_address>
         <size>0xcb</size>
         <input_file_ref idref="fl-2"/>
      </object_component>
      <object_component id="oc-136">
         <name>.debug_info</name>
         <load_address>0x1186</load_address>
         <run_address>0x1186</run_address>
         <size>0xcd</size>
         <input_file_ref idref="fl-2"/>
      </object_component>
      <object_component id="oc-139">
         <name>.debug_info</name>
         <load_address>0x1253</load_address>
         <run_address>0x1253</run_address>
         <size>0xd7</size>
         <input_file_ref idref="fl-2"/>
      </object_component>
      <object_component id="oc-13c">
         <name>.debug_info</name>
         <load_address>0x132a</load_address>
         <run_address>0x132a</run_address>
         <size>0xd3</size>
         <input_file_ref idref="fl-2"/>
      </object_component>
      <object_component id="oc-13f">
         <name>.debug_info</name>
         <load_address>0x13fd</load_address>
         <run_address>0x13fd</run_address>
         <size>0xcd</size>
         <input_file_ref idref="fl-2"/>
      </object_component>
      <object_component id="oc-14d">
         <name>.debug_info</name>
         <load_address>0x14ca</load_address>
         <run_address>0x14ca</run_address>
         <size>0xcc</size>
         <input_file_ref idref="fl-2"/>
      </object_component>
      <object_component id="oc-c4">
         <name>.debug_info</name>
         <load_address>0x1596</load_address>
         <run_address>0x1596</run_address>
         <size>0x22a6</size>
         <input_file_ref idref="fl-2"/>
      </object_component>
      <object_component id="oc-1b7">
         <name>.debug_info</name>
         <load_address>0x383c</load_address>
         <run_address>0x383c</run_address>
         <size>0xcc</size>
         <input_file_ref idref="fl-2"/>
      </object_component>
      <object_component id="oc-1d4">
         <name>.debug_info</name>
         <load_address>0x3908</load_address>
         <run_address>0x3908</run_address>
         <size>0x2c</size>
         <input_file_ref idref="fl-2"/>
      </object_component>
      <object_component id="oc-150">
         <name>.debug_info</name>
         <load_address>0x3934</load_address>
         <run_address>0x3934</run_address>
         <size>0x51</size>
         <input_file_ref idref="fl-2"/>
      </object_component>
      <object_component id="oc-175">
         <name>.debug_info</name>
         <load_address>0x3985</load_address>
         <run_address>0x3985</run_address>
         <size>0x262</size>
         <input_file_ref idref="fl-3"/>
      </object_component>
      <object_component id="oc-d5">
         <name>.debug_info</name>
         <load_address>0x3be7</load_address>
         <run_address>0x3be7</run_address>
         <size>0x10e2</size>
         <input_file_ref idref="fl-3"/>
      </object_component>
      <object_component id="oc-170">
         <name>.debug_info</name>
         <load_address>0x4cc9</load_address>
         <run_address>0x4cc9</run_address>
         <size>0x88</size>
         <input_file_ref idref="fl-3"/>
      </object_component>
      <object_component id="oc-e7">
         <name>.debug_info</name>
         <load_address>0x4d51</load_address>
         <run_address>0x4d51</run_address>
         <size>0x8b</size>
         <input_file_ref idref="fl-3"/>
      </object_component>
      <object_component id="oc-1e3">
         <name>.debug_info</name>
         <load_address>0x4ddc</load_address>
         <run_address>0x4ddc</run_address>
         <size>0x53e</size>
         <input_file_ref idref="fl-4"/>
      </object_component>
      <object_component id="oc-e1">
         <name>.debug_info</name>
         <load_address>0x531a</load_address>
         <run_address>0x531a</run_address>
         <size>0xce</size>
         <input_file_ref idref="fl-4"/>
      </object_component>
      <object_component id="oc-9c">
         <name>.debug_info</name>
         <load_address>0x53e8</load_address>
         <run_address>0x53e8</run_address>
         <size>0xa6a</size>
         <input_file_ref idref="fl-4"/>
      </object_component>
      <object_component id="oc-17b">
         <name>.debug_info</name>
         <load_address>0x5e52</load_address>
         <run_address>0x5e52</run_address>
         <size>0x102</size>
         <input_file_ref idref="fl-4"/>
      </object_component>
      <object_component id="oc-e4">
         <name>.debug_info</name>
         <load_address>0x5f54</load_address>
         <run_address>0x5f54</run_address>
         <size>0x61a</size>
         <input_file_ref idref="fl-5"/>
      </object_component>
      <object_component id="oc-166">
         <name>.debug_info</name>
         <load_address>0x656e</load_address>
         <run_address>0x656e</run_address>
         <size>0xce</size>
         <input_file_ref idref="fl-5"/>
      </object_component>
      <object_component id="oc-16c">
         <name>.debug_info</name>
         <load_address>0x663c</load_address>
         <run_address>0x663c</run_address>
         <size>0xd1</size>
         <input_file_ref idref="fl-5"/>
      </object_component>
      <object_component id="oc-157">
         <name>.debug_info</name>
         <load_address>0x670d</load_address>
         <run_address>0x670d</run_address>
         <size>0xca</size>
         <input_file_ref idref="fl-5"/>
      </object_component>
      <object_component id="oc-169">
         <name>.debug_info</name>
         <load_address>0x67d7</load_address>
         <run_address>0x67d7</run_address>
         <size>0xca</size>
         <input_file_ref idref="fl-5"/>
      </object_component>
      <object_component id="oc-d0">
         <name>.debug_info</name>
         <load_address>0x68a1</load_address>
         <run_address>0x68a1</run_address>
         <size>0x208b</size>
         <input_file_ref idref="fl-5"/>
      </object_component>
      <object_component id="oc-180">
         <name>.debug_info</name>
         <load_address>0x892c</load_address>
         <run_address>0x892c</run_address>
         <size>0x35</size>
         <input_file_ref idref="fl-5"/>
      </object_component>
      <object_component id="oc-2f">
         <name>.debug_info</name>
         <load_address>0x8961</load_address>
         <run_address>0x8961</run_address>
         <size>0x2a9</size>
         <input_file_ref idref="fl-6"/>
      </object_component>
      <object_component id="oc-13">
         <name>.debug_info</name>
         <load_address>0x8c0a</load_address>
         <run_address>0x8c0a</run_address>
         <size>0xe8</size>
         <input_file_ref idref="fl-6"/>
      </object_component>
      <object_component id="oc-28">
         <name>.debug_info</name>
         <load_address>0x8cf2</load_address>
         <run_address>0x8cf2</run_address>
         <size>0x264</size>
         <input_file_ref idref="fl-6"/>
      </object_component>
      <object_component id="oc-ca">
         <name>.debug_info</name>
         <load_address>0x8f56</load_address>
         <run_address>0x8f56</run_address>
         <size>0xd1</size>
         <input_file_ref idref="fl-7"/>
      </object_component>
      <object_component id="oc-1d3">
         <name>.debug_info</name>
         <load_address>0x9027</load_address>
         <run_address>0x9027</run_address>
         <size>0x333</size>
         <input_file_ref idref="fl-c1"/>
      </object_component>
      <object_component id="oc-15a">
         <name>.debug_info</name>
         <load_address>0x935a</load_address>
         <run_address>0x935a</run_address>
         <size>0x1d1</size>
         <input_file_ref idref="fl-c1"/>
      </object_component>
      <object_component id="oc-1c7">
         <name>.debug_info</name>
         <load_address>0x952b</load_address>
         <run_address>0x952b</run_address>
         <size>0x18d</size>
         <input_file_ref idref="fl-c1"/>
      </object_component>
      <object_component id="oc-1cf">
         <name>.debug_info</name>
         <load_address>0x96b8</load_address>
         <run_address>0x96b8</run_address>
         <size>0x16d</size>
         <input_file_ref idref="fl-c1"/>
      </object_component>
      <object_component id="oc-2d9">
         <name>.debug_info</name>
         <load_address>0x9825</load_address>
         <run_address>0x9825</run_address>
         <size>0x2c</size>
         <input_file_ref idref="fl-c1"/>
      </object_component>
      <object_component id="oc-3d">
         <name>.debug_info</name>
         <load_address>0x9851</load_address>
         <run_address>0x9851</run_address>
         <size>0x119</size>
         <input_file_ref idref="fl-c2"/>
      </object_component>
      <object_component id="oc-91">
         <name>.debug_info</name>
         <load_address>0x996a</load_address>
         <run_address>0x996a</run_address>
         <size>0x147</size>
         <input_file_ref idref="fl-c3"/>
      </object_component>
      <object_component id="oc-8e">
         <name>.debug_info</name>
         <load_address>0x9ab1</load_address>
         <run_address>0x9ab1</run_address>
         <size>0x2d4</size>
         <input_file_ref idref="fl-c4"/>
      </object_component>
      <object_component id="oc-51">
         <name>.debug_info</name>
         <load_address>0x9d85</load_address>
         <run_address>0x9d85</run_address>
         <size>0x1b5</size>
         <input_file_ref idref="fl-c4"/>
      </object_component>
      <object_component id="oc-89">
         <name>.debug_info</name>
         <load_address>0x9f3a</load_address>
         <run_address>0x9f3a</run_address>
         <size>0x46</size>
         <input_file_ref idref="fl-c4"/>
      </object_component>
      <object_component id="oc-ba">
         <name>.debug_info</name>
         <load_address>0x9f80</load_address>
         <run_address>0x9f80</run_address>
         <size>0x2c</size>
         <input_file_ref idref="fl-c4"/>
      </object_component>
      <object_component id="oc-46">
         <name>.debug_info</name>
         <load_address>0x9fac</load_address>
         <run_address>0x9fac</run_address>
         <size>0x2a8</size>
         <input_file_ref idref="fl-c5"/>
      </object_component>
      <object_component id="oc-1d">
         <name>.debug_info</name>
         <load_address>0xa254</load_address>
         <run_address>0xa254</run_address>
         <size>0x1ea</size>
         <input_file_ref idref="fl-c5"/>
      </object_component>
      <object_component id="oc-41">
         <name>.debug_info</name>
         <load_address>0xa43e</load_address>
         <run_address>0xa43e</run_address>
         <size>0x46</size>
         <input_file_ref idref="fl-c5"/>
      </object_component>
      <object_component id="oc-81">
         <name>.debug_info</name>
         <load_address>0xa484</load_address>
         <run_address>0xa484</run_address>
         <size>0x2c</size>
         <input_file_ref idref="fl-c5"/>
      </object_component>
      <object_component id="oc-7f">
         <name>.debug_info</name>
         <load_address>0xa4b0</load_address>
         <run_address>0xa4b0</run_address>
         <size>0x29e</size>
         <input_file_ref idref="fl-c6"/>
      </object_component>
      <object_component id="oc-18">
         <name>.debug_info</name>
         <load_address>0xa74e</load_address>
         <run_address>0xa74e</run_address>
         <size>0x250</size>
         <input_file_ref idref="fl-c6"/>
      </object_component>
      <object_component id="oc-31">
         <name>.debug_info</name>
         <load_address>0xa99e</load_address>
         <run_address>0xa99e</run_address>
         <size>0x60</size>
         <input_file_ref idref="fl-c6"/>
      </object_component>
      <object_component id="oc-b3">
         <name>.debug_info</name>
         <load_address>0xa9fe</load_address>
         <run_address>0xa9fe</run_address>
         <size>0x46</size>
         <input_file_ref idref="fl-c6"/>
      </object_component>
      <object_component id="oc-7a">
         <name>.debug_info</name>
         <load_address>0xaa44</load_address>
         <run_address>0xaa44</run_address>
         <size>0x39</size>
         <input_file_ref idref="fl-c6"/>
      </object_component>
      <object_component id="oc-1da">
         <name>.debug_info</name>
         <load_address>0xaa7d</load_address>
         <run_address>0xaa7d</run_address>
         <size>0x2a4</size>
         <input_file_ref idref="fl-c7"/>
      </object_component>
      <object_component id="oc-160">
         <name>.debug_info</name>
         <load_address>0xad21</load_address>
         <run_address>0xad21</run_address>
         <size>0x267</size>
         <input_file_ref idref="fl-c7"/>
      </object_component>
      <object_component id="oc-25">
         <name>.debug_info</name>
         <load_address>0xaf88</load_address>
         <run_address>0xaf88</run_address>
         <size>0x10b</size>
         <input_file_ref idref="fl-c8"/>
      </object_component>
      <object_component id="oc-5b">
         <name>.debug_info</name>
         <load_address>0xb093</load_address>
         <run_address>0xb093</run_address>
         <size>0x1a9</size>
         <input_file_ref idref="fl-c8"/>
      </object_component>
      <object_component id="oc-247">
         <name>.debug_info</name>
         <load_address>0xb23c</load_address>
         <run_address>0xb23c</run_address>
         <size>0x590</size>
         <input_file_ref idref="fl-c9"/>
      </object_component>
      <object_component id="oc-212">
         <name>.debug_info</name>
         <load_address>0xb7cc</load_address>
         <run_address>0xb7cc</run_address>
         <size>0x21e</size>
         <input_file_ref idref="fl-c9"/>
      </object_component>
      <object_component id="oc-29c">
         <name>.debug_info</name>
         <load_address>0xb9ea</load_address>
         <run_address>0xb9ea</run_address>
         <size>0x1b3</size>
         <input_file_ref idref="fl-c9"/>
      </object_component>
      <object_component id="oc-2a2">
         <name>.debug_info</name>
         <load_address>0xbb9d</load_address>
         <run_address>0xbb9d</run_address>
         <size>0x21b</size>
         <input_file_ref idref="fl-c9"/>
      </object_component>
      <object_component id="oc-21d">
         <name>.debug_info</name>
         <load_address>0xbdb8</load_address>
         <run_address>0xbdb8</run_address>
         <size>0x3c0</size>
         <input_file_ref idref="fl-c9"/>
      </object_component>
      <object_component id="oc-2a9">
         <name>.debug_info</name>
         <load_address>0xc178</load_address>
         <run_address>0xc178</run_address>
         <size>0x30a</size>
         <input_file_ref idref="fl-c9"/>
      </object_component>
      <object_component id="oc-2af">
         <name>.debug_info</name>
         <load_address>0xc482</load_address>
         <run_address>0xc482</run_address>
         <size>0x215</size>
         <input_file_ref idref="fl-c9"/>
      </object_component>
      <object_component id="oc-223">
         <name>.debug_info</name>
         <load_address>0xc697</load_address>
         <run_address>0xc697</run_address>
         <size>0x215</size>
         <input_file_ref idref="fl-c9"/>
      </object_component>
      <object_component id="oc-229">
         <name>.debug_info</name>
         <load_address>0xc8ac</load_address>
         <run_address>0xc8ac</run_address>
         <size>0x304</size>
         <input_file_ref idref="fl-c9"/>
      </object_component>
      <object_component id="oc-22f">
         <name>.debug_info</name>
         <load_address>0xcbb0</load_address>
         <run_address>0xcbb0</run_address>
         <size>0x4b5</size>
         <input_file_ref idref="fl-c9"/>
      </object_component>
      <object_component id="oc-1c1">
         <name>.debug_info</name>
         <load_address>0xd065</load_address>
         <run_address>0xd065</run_address>
         <size>0x5f4</size>
         <input_file_ref idref="fl-c9"/>
      </object_component>
      <object_component id="oc-248">
         <name>.debug_info</name>
         <load_address>0xd659</load_address>
         <run_address>0xd659</run_address>
         <size>0x86</size>
         <input_file_ref idref="fl-c9"/>
      </object_component>
      <object_component id="oc-2de">
         <name>.debug_info</name>
         <load_address>0xd6df</load_address>
         <run_address>0xd6df</run_address>
         <size>0x39</size>
         <input_file_ref idref="fl-c9"/>
      </object_component>
      <object_component id="oc-31f">
         <name>.debug_info</name>
         <load_address>0xd718</load_address>
         <run_address>0xd718</run_address>
         <size>0xb6</size>
         <input_file_ref idref="fl-c9"/>
      </object_component>
      <object_component id="oc-2e3">
         <name>.debug_info</name>
         <load_address>0xd7ce</load_address>
         <run_address>0xd7ce</run_address>
         <size>0x46</size>
         <input_file_ref idref="fl-c9"/>
      </object_component>
      <object_component id="oc-24d">
         <name>.debug_info</name>
         <load_address>0xd814</load_address>
         <run_address>0xd814</run_address>
         <size>0x46</size>
         <input_file_ref idref="fl-c9"/>
      </object_component>
      <object_component id="oc-298">
         <name>.debug_info</name>
         <load_address>0xd85a</load_address>
         <run_address>0xd85a</run_address>
         <size>0x14c</size>
         <input_file_ref idref="fl-ca"/>
      </object_component>
      <object_component id="oc-218">
         <name>.debug_info</name>
         <load_address>0xd9a6</load_address>
         <run_address>0xd9a6</run_address>
         <size>0x128</size>
         <input_file_ref idref="fl-cb"/>
      </object_component>
      <object_component id="oc-282">
         <name>.debug_info</name>
         <load_address>0xdace</load_address>
         <run_address>0xdace</run_address>
         <size>0x12a</size>
         <input_file_ref idref="fl-cb"/>
      </object_component>
      <object_component id="oc-27d">
         <name>.debug_info</name>
         <load_address>0xdbf8</load_address>
         <run_address>0xdbf8</run_address>
         <size>0x13a</size>
         <input_file_ref idref="fl-cc"/>
      </object_component>
      <object_component id="oc-278">
         <name>.debug_info</name>
         <load_address>0xdd32</load_address>
         <run_address>0xdd32</run_address>
         <size>0x13a</size>
         <input_file_ref idref="fl-cd"/>
      </object_component>
      <object_component id="oc-287">
         <name>.debug_info</name>
         <load_address>0xde6c</load_address>
         <run_address>0xde6c</run_address>
         <size>0x12e</size>
         <input_file_ref idref="fl-ce"/>
      </object_component>
      <object_component id="oc-292">
         <name>.debug_info</name>
         <load_address>0xdf9a</load_address>
         <run_address>0xdf9a</run_address>
         <size>0x12c</size>
         <input_file_ref idref="fl-cf"/>
      </object_component>
      <object_component id="oc-271">
         <name>.debug_info</name>
         <load_address>0xe0c6</load_address>
         <run_address>0xe0c6</run_address>
         <size>0x134</size>
         <input_file_ref idref="fl-d0"/>
      </object_component>
      <object_component id="oc-190">
         <name>.debug_info</name>
         <load_address>0xe1fa</load_address>
         <run_address>0xe1fa</run_address>
         <size>0x4b3</size>
         <input_file_ref idref="fl-d1"/>
      </object_component>
      <object_component id="oc-f9">
         <name>.debug_info</name>
         <load_address>0xe6ad</load_address>
         <run_address>0xe6ad</run_address>
         <size>0x1a6</size>
         <input_file_ref idref="fl-d1"/>
      </object_component>
      <object_component id="oc-1f4">
         <name>.debug_info</name>
         <load_address>0xe853</load_address>
         <run_address>0xe853</run_address>
         <size>0x39</size>
         <input_file_ref idref="fl-d1"/>
      </object_component>
      <object_component id="oc-25d">
         <name>.debug_info</name>
         <load_address>0xe88c</load_address>
         <run_address>0xe88c</run_address>
         <size>0x39</size>
         <input_file_ref idref="fl-d1"/>
      </object_component>
      <object_component id="oc-1f9">
         <name>.debug_info</name>
         <load_address>0xe8c5</load_address>
         <run_address>0xe8c5</run_address>
         <size>0x39</size>
         <input_file_ref idref="fl-d1"/>
      </object_component>
      <object_component id="oc-1fe">
         <name>.debug_info</name>
         <load_address>0xe8fe</load_address>
         <run_address>0xe8fe</run_address>
         <size>0xcd</size>
         <input_file_ref idref="fl-d1"/>
      </object_component>
      <object_component id="oc-96">
         <name>.debug_info</name>
         <load_address>0xe9cb</load_address>
         <run_address>0xe9cb</run_address>
         <size>0x153</size>
         <input_file_ref idref="fl-d2"/>
      </object_component>
      <object_component id="oc-ef">
         <name>.debug_info</name>
         <load_address>0xeb1e</load_address>
         <run_address>0xeb1e</run_address>
         <size>0x122</size>
         <input_file_ref idref="fl-d4"/>
      </object_component>
      <object_component id="oc-2fa">
         <name>.debug_info</name>
         <load_address>0xec40</load_address>
         <run_address>0xec40</run_address>
         <size>0x29c</size>
         <input_file_ref idref="fl-d6"/>
      </object_component>
      <object_component id="oc-28c">
         <name>.debug_info</name>
         <load_address>0xeedc</load_address>
         <run_address>0xeedc</run_address>
         <size>0x1da</size>
         <input_file_ref idref="fl-d6"/>
      </object_component>
      <object_component id="oc-26f">
         <name>.debug_info</name>
         <load_address>0xf0b6</load_address>
         <run_address>0xf0b6</run_address>
         <size>0x2b9</size>
         <input_file_ref idref="fl-d8"/>
      </object_component>
      <object_component id="oc-20c">
         <name>.debug_info</name>
         <load_address>0xf36f</load_address>
         <run_address>0xf36f</run_address>
         <size>0x17c</size>
         <input_file_ref idref="fl-d8"/>
      </object_component>
      <object_component id="oc-2ec">
         <name>.debug_info</name>
         <load_address>0xf4eb</load_address>
         <run_address>0xf4eb</run_address>
         <size>0xf9</size>
         <input_file_ref idref="fl-d9"/>
      </object_component>
      <object_component id="oc-26c">
         <name>.debug_info</name>
         <load_address>0xf5e4</load_address>
         <run_address>0xf5e4</run_address>
         <size>0x105</size>
         <input_file_ref idref="fl-d9"/>
      </object_component>
      <object_component id="oc-2ca">
         <name>.debug_info</name>
         <load_address>0xf6e9</load_address>
         <run_address>0xf6e9</run_address>
         <size>0x2a7</size>
         <input_file_ref idref="fl-da"/>
      </object_component>
      <object_component id="oc-236">
         <name>.debug_info</name>
         <load_address>0xf990</load_address>
         <run_address>0xf990</run_address>
         <size>0x1b8</size>
         <input_file_ref idref="fl-da"/>
      </object_component>
      <object_component id="oc-311">
         <name>.debug_info</name>
         <load_address>0xfb48</load_address>
         <run_address>0xfb48</run_address>
         <size>0x29a</size>
         <input_file_ref idref="fl-db"/>
      </object_component>
      <object_component id="oc-2c3">
         <name>.debug_info</name>
         <load_address>0xfde2</load_address>
         <run_address>0xfde2</run_address>
         <size>0x262</size>
         <input_file_ref idref="fl-db"/>
      </object_component>
      <object_component id="oc-26a">
         <name>.debug_info</name>
         <load_address>0x10044</load_address>
         <run_address>0x10044</run_address>
         <size>0x28f</size>
         <input_file_ref idref="fl-dc"/>
      </object_component>
      <object_component id="oc-206">
         <name>.debug_info</name>
         <load_address>0x102d3</load_address>
         <run_address>0x102d3</run_address>
         <size>0x245</size>
         <input_file_ref idref="fl-dc"/>
      </object_component>
      <object_component id="oc-2d6">
         <name>.debug_info</name>
         <load_address>0x10518</load_address>
         <run_address>0x10518</run_address>
         <size>0x289</size>
         <input_file_ref idref="fl-dd"/>
      </object_component>
      <object_component id="oc-2d3">
         <name>.debug_info</name>
         <load_address>0x107a1</load_address>
         <run_address>0x107a1</run_address>
         <size>0x10e</size>
         <input_file_ref idref="fl-dd"/>
      </object_component>
      <object_component id="oc-241">
         <name>.debug_info</name>
         <load_address>0x108af</load_address>
         <run_address>0x108af</run_address>
         <size>0x14e</size>
         <input_file_ref idref="fl-dd"/>
      </object_component>
      <object_component id="oc-2d1">
         <name>.debug_info</name>
         <load_address>0x109fd</load_address>
         <run_address>0x109fd</run_address>
         <size>0x28f</size>
         <input_file_ref idref="fl-de"/>
      </object_component>
      <object_component id="oc-23b">
         <name>.debug_info</name>
         <load_address>0x10c8c</load_address>
         <run_address>0x10c8c</run_address>
         <size>0x15a</size>
         <input_file_ref idref="fl-de"/>
      </object_component>
      <object_component id="oc-314">
         <name>.debug_info</name>
         <load_address>0x10de6</load_address>
         <run_address>0x10de6</run_address>
         <size>0x46</size>
         <input_file_ref idref="fl-de"/>
      </object_component>
      <object_component id="oc-2cc">
         <name>.debug_info</name>
         <load_address>0x10e2c</load_address>
         <run_address>0x10e2c</run_address>
         <size>0x39</size>
         <input_file_ref idref="fl-de"/>
      </object_component>
      <object_component id="oc-302">
         <name>.debug_info</name>
         <load_address>0x10e65</load_address>
         <run_address>0x10e65</run_address>
         <size>0x295</size>
         <input_file_ref idref="fl-df"/>
      </object_component>
      <object_component id="oc-2b7">
         <name>.debug_info</name>
         <load_address>0x110fa</load_address>
         <run_address>0x110fa</run_address>
         <size>0x195</size>
         <input_file_ref idref="fl-df"/>
      </object_component>
      <object_component id="oc-32b">
         <name>.debug_info</name>
         <load_address>0x1128f</load_address>
         <run_address>0x1128f</run_address>
         <size>0x39</size>
         <input_file_ref idref="fl-df"/>
      </object_component>
      <object_component id="oc-303">
         <name>.debug_info</name>
         <load_address>0x112c8</load_address>
         <run_address>0x112c8</run_address>
         <size>0x2c</size>
         <input_file_ref idref="fl-df"/>
      </object_component>
      <object_component id="oc-30f">
         <name>.debug_info</name>
         <load_address>0x112f4</load_address>
         <run_address>0x112f4</run_address>
         <size>0x2f8</size>
         <input_file_ref idref="fl-e0"/>
      </object_component>
      <object_component id="oc-2c0">
         <name>.debug_info</name>
         <load_address>0x115ec</load_address>
         <run_address>0x115ec</run_address>
         <size>0x225</size>
         <input_file_ref idref="fl-e0"/>
      </object_component>
      <object_component id="oc-2f1">
         <name>.debug_info</name>
         <load_address>0x11811</load_address>
         <run_address>0x11811</run_address>
         <size>0x115</size>
         <input_file_ref idref="fl-e1"/>
      </object_component>
      <object_component id="oc-30b">
         <name>.debug_info</name>
         <load_address>0x11926</load_address>
         <run_address>0x11926</run_address>
         <size>0x161</size>
         <input_file_ref idref="fl-e2"/>
      </object_component>
      <object_component id="oc-364">
         <name>.debug_info</name>
         <load_address>0x11a87</load_address>
         <run_address>0x11a87</run_address>
         <size>0x9b</size>
      </object_component>
      <object_component id="oc-12b">
         <name>.debug_line</name>
         <load_address>0x0</load_address>
         <run_address>0x0</run_address>
         <size>0x20</size>
         <input_file_ref idref="fl-1"/>
      </object_component>
      <object_component id="oc-de">
         <name>.debug_line</name>
         <load_address>0x20</load_address>
         <run_address>0x20</run_address>
         <size>0x43</size>
         <input_file_ref idref="fl-1"/>
      </object_component>
      <object_component id="oc-73">
         <name>.debug_line</name>
         <load_address>0x63</load_address>
         <run_address>0x63</run_address>
         <size>0x7a</size>
         <input_file_ref idref="fl-1"/>
      </object_component>
      <object_component id="oc-39">
         <name>.debug_line</name>
         <load_address>0xdd</load_address>
         <run_address>0xdd</run_address>
         <size>0x20</size>
         <input_file_ref idref="fl-1"/>
      </object_component>
      <object_component id="oc-b0">
         <name>.debug_line</name>
         <load_address>0xfd</load_address>
         <run_address>0xfd</run_address>
         <size>0x7e</size>
         <input_file_ref idref="fl-1"/>
      </object_component>
      <object_component id="oc-78">
         <name>.debug_line</name>
         <load_address>0x17b</load_address>
         <run_address>0x17b</run_address>
         <size>0x7b</size>
         <input_file_ref idref="fl-1"/>
      </object_component>
      <object_component id="oc-1b6">
         <name>.debug_line</name>
         <load_address>0x1f6</load_address>
         <run_address>0x1f6</run_address>
         <size>0x34</size>
         <input_file_ref idref="fl-2"/>
      </object_component>
      <object_component id="oc-1aa">
         <name>.debug_line</name>
         <load_address>0x22a</load_address>
         <run_address>0x22a</run_address>
         <size>0x34</size>
         <input_file_ref idref="fl-2"/>
      </object_component>
      <object_component id="oc-1b4">
         <name>.debug_line</name>
         <load_address>0x25e</load_address>
         <run_address>0x25e</run_address>
         <size>0x34</size>
         <input_file_ref idref="fl-2"/>
      </object_component>
      <object_component id="oc-1a6">
         <name>.debug_line</name>
         <load_address>0x292</load_address>
         <run_address>0x292</run_address>
         <size>0x34</size>
         <input_file_ref idref="fl-2"/>
      </object_component>
      <object_component id="oc-1a8">
         <name>.debug_line</name>
         <load_address>0x2c6</load_address>
         <run_address>0x2c6</run_address>
         <size>0x34</size>
         <input_file_ref idref="fl-2"/>
      </object_component>
      <object_component id="oc-1ac">
         <name>.debug_line</name>
         <load_address>0x2fa</load_address>
         <run_address>0x2fa</run_address>
         <size>0x34</size>
         <input_file_ref idref="fl-2"/>
      </object_component>
      <object_component id="oc-1ae">
         <name>.debug_line</name>
         <load_address>0x32e</load_address>
         <run_address>0x32e</run_address>
         <size>0x34</size>
         <input_file_ref idref="fl-2"/>
      </object_component>
      <object_component id="oc-1b0">
         <name>.debug_line</name>
         <load_address>0x362</load_address>
         <run_address>0x362</run_address>
         <size>0x34</size>
         <input_file_ref idref="fl-2"/>
      </object_component>
      <object_component id="oc-1b2">
         <name>.debug_line</name>
         <load_address>0x396</load_address>
         <run_address>0x396</run_address>
         <size>0x34</size>
         <input_file_ref idref="fl-2"/>
      </object_component>
      <object_component id="oc-1bd">
         <name>.debug_line</name>
         <load_address>0x3ca</load_address>
         <run_address>0x3ca</run_address>
         <size>0x34</size>
         <input_file_ref idref="fl-2"/>
      </object_component>
      <object_component id="oc-c7">
         <name>.debug_line</name>
         <load_address>0x3fe</load_address>
         <run_address>0x3fe</run_address>
         <size>0x899</size>
         <input_file_ref idref="fl-2"/>
      </object_component>
      <object_component id="oc-1ba">
         <name>.debug_line</name>
         <load_address>0xc97</load_address>
         <run_address>0xc97</run_address>
         <size>0x75</size>
         <input_file_ref idref="fl-2"/>
      </object_component>
      <object_component id="oc-1d7">
         <name>.debug_line</name>
         <load_address>0xd0c</load_address>
         <run_address>0xd0c</run_address>
         <size>0x76</size>
         <input_file_ref idref="fl-2"/>
      </object_component>
      <object_component id="oc-153">
         <name>.debug_line</name>
         <load_address>0xd82</load_address>
         <run_address>0xd82</run_address>
         <size>0x34</size>
         <input_file_ref idref="fl-2"/>
      </object_component>
      <object_component id="oc-1e2">
         <name>.debug_line</name>
         <load_address>0xdb6</load_address>
         <run_address>0xdb6</run_address>
         <size>0x20</size>
         <input_file_ref idref="fl-3"/>
      </object_component>
      <object_component id="oc-d8">
         <name>.debug_line</name>
         <load_address>0xdd6</load_address>
         <run_address>0xdd6</run_address>
         <size>0x3d4</size>
         <input_file_ref idref="fl-3"/>
      </object_component>
      <object_component id="oc-173">
         <name>.debug_line</name>
         <load_address>0x11aa</load_address>
         <run_address>0x11aa</run_address>
         <size>0x2d</size>
         <input_file_ref idref="fl-3"/>
      </object_component>
      <object_component id="oc-ea">
         <name>.debug_line</name>
         <load_address>0x11d7</load_address>
         <run_address>0x11d7</run_address>
         <size>0x20</size>
         <input_file_ref idref="fl-3"/>
      </object_component>
      <object_component id="oc-259">
         <name>.debug_line</name>
         <load_address>0x11f7</load_address>
         <run_address>0x11f7</run_address>
         <size>0x69</size>
         <input_file_ref idref="fl-4"/>
      </object_component>
      <object_component id="oc-178">
         <name>.debug_line</name>
         <load_address>0x1260</load_address>
         <run_address>0x1260</run_address>
         <size>0x2d</size>
         <input_file_ref idref="fl-4"/>
      </object_component>
      <object_component id="oc-9f">
         <name>.debug_line</name>
         <load_address>0x128d</load_address>
         <run_address>0x128d</run_address>
         <size>0x1c9</size>
         <input_file_ref idref="fl-4"/>
      </object_component>
      <object_component id="oc-17e">
         <name>.debug_line</name>
         <load_address>0x1456</load_address>
         <run_address>0x1456</run_address>
         <size>0x2d</size>
         <input_file_ref idref="fl-4"/>
      </object_component>
      <object_component id="oc-17a">
         <name>.debug_line</name>
         <load_address>0x1483</load_address>
         <run_address>0x1483</run_address>
         <size>0x100</size>
         <input_file_ref idref="fl-5"/>
      </object_component>
      <object_component id="oc-1dc">
         <name>.debug_line</name>
         <load_address>0x1583</load_address>
         <run_address>0x1583</run_address>
         <size>0x2d</size>
         <input_file_ref idref="fl-5"/>
      </object_component>
      <object_component id="oc-1e0">
         <name>.debug_line</name>
         <load_address>0x15b0</load_address>
         <run_address>0x15b0</run_address>
         <size>0x2d</size>
         <input_file_ref idref="fl-5"/>
      </object_component>
      <object_component id="oc-1bf">
         <name>.debug_line</name>
         <load_address>0x15dd</load_address>
         <run_address>0x15dd</run_address>
         <size>0x2d</size>
         <input_file_ref idref="fl-5"/>
      </object_component>
      <object_component id="oc-1de">
         <name>.debug_line</name>
         <load_address>0x160a</load_address>
         <run_address>0x160a</run_address>
         <size>0x2d</size>
         <input_file_ref idref="fl-5"/>
      </object_component>
      <object_component id="oc-d2">
         <name>.debug_line</name>
         <load_address>0x1637</load_address>
         <run_address>0x1637</run_address>
         <size>0x6b7</size>
         <input_file_ref idref="fl-5"/>
      </object_component>
      <object_component id="oc-183">
         <name>.debug_line</name>
         <load_address>0x1cee</load_address>
         <run_address>0x1cee</run_address>
         <size>0x7f</size>
         <input_file_ref idref="fl-5"/>
      </object_component>
      <object_component id="oc-6f">
         <name>.debug_line</name>
         <load_address>0x1d6d</load_address>
         <run_address>0x1d6d</run_address>
         <size>0x41</size>
         <input_file_ref idref="fl-6"/>
      </object_component>
      <object_component id="oc-2e">
         <name>.debug_line</name>
         <load_address>0x1dae</load_address>
         <run_address>0x1dae</run_address>
         <size>0x41</size>
         <input_file_ref idref="fl-6"/>
      </object_component>
      <object_component id="oc-2b">
         <name>.debug_line</name>
         <load_address>0x1def</load_address>
         <run_address>0x1def</run_address>
         <size>0xa1</size>
         <input_file_ref idref="fl-6"/>
      </object_component>
      <object_component id="oc-cd">
         <name>.debug_line</name>
         <load_address>0x1e90</load_address>
         <run_address>0x1e90</run_address>
         <size>0x42</size>
         <input_file_ref idref="fl-7"/>
      </object_component>
      <object_component id="oc-255">
         <name>.debug_line</name>
         <load_address>0x1ed2</load_address>
         <run_address>0x1ed2</run_address>
         <size>0x2d</size>
         <input_file_ref idref="fl-c1"/>
      </object_component>
      <object_component id="oc-15d">
         <name>.debug_line</name>
         <load_address>0x1eff</load_address>
         <run_address>0x1eff</run_address>
         <size>0x4b</size>
         <input_file_ref idref="fl-c1"/>
      </object_component>
      <object_component id="oc-1cb">
         <name>.debug_line</name>
         <load_address>0x1f4a</load_address>
         <run_address>0x1f4a</run_address>
         <size>0x4b</size>
         <input_file_ref idref="fl-c1"/>
      </object_component>
      <object_component id="oc-1ce">
         <name>.debug_line</name>
         <load_address>0x1f95</load_address>
         <run_address>0x1f95</run_address>
         <size>0x3f</size>
         <input_file_ref idref="fl-c1"/>
      </object_component>
      <object_component id="oc-2dc">
         <name>.debug_line</name>
         <load_address>0x1fd4</load_address>
         <run_address>0x1fd4</run_address>
         <size>0x91</size>
         <input_file_ref idref="fl-c1"/>
      </object_component>
      <object_component id="oc-3f">
         <name>.debug_line</name>
         <load_address>0x2065</load_address>
         <run_address>0x2065</run_address>
         <size>0x88</size>
         <input_file_ref idref="fl-c2"/>
      </object_component>
      <object_component id="oc-93">
         <name>.debug_line</name>
         <load_address>0x20ed</load_address>
         <run_address>0x20ed</run_address>
         <size>0x79</size>
         <input_file_ref idref="fl-c3"/>
      </object_component>
      <object_component id="oc-c0">
         <name>.debug_line</name>
         <load_address>0x2166</load_address>
         <run_address>0x2166</run_address>
         <size>0x92</size>
         <input_file_ref idref="fl-c4"/>
      </object_component>
      <object_component id="oc-50">
         <name>.debug_line</name>
         <load_address>0x21f8</load_address>
         <run_address>0x21f8</run_address>
         <size>0x53</size>
         <input_file_ref idref="fl-c4"/>
      </object_component>
      <object_component id="oc-8c">
         <name>.debug_line</name>
         <load_address>0x224b</load_address>
         <run_address>0x224b</run_address>
         <size>0x34</size>
         <input_file_ref idref="fl-c4"/>
      </object_component>
      <object_component id="oc-bd">
         <name>.debug_line</name>
         <load_address>0x227f</load_address>
         <run_address>0x227f</run_address>
         <size>0x92</size>
         <input_file_ref idref="fl-c4"/>
      </object_component>
      <object_component id="oc-87">
         <name>.debug_line</name>
         <load_address>0x2311</load_address>
         <run_address>0x2311</run_address>
         <size>0x20</size>
         <input_file_ref idref="fl-c5"/>
      </object_component>
      <object_component id="oc-1f">
         <name>.debug_line</name>
         <load_address>0x2331</load_address>
         <run_address>0x2331</run_address>
         <size>0x55</size>
         <input_file_ref idref="fl-c5"/>
      </object_component>
      <object_component id="oc-44">
         <name>.debug_line</name>
         <load_address>0x2386</load_address>
         <run_address>0x2386</run_address>
         <size>0x3a</size>
         <input_file_ref idref="fl-c5"/>
      </object_component>
      <object_component id="oc-84">
         <name>.debug_line</name>
         <load_address>0x23c0</load_address>
         <run_address>0x23c0</run_address>
         <size>0x92</size>
         <input_file_ref idref="fl-c5"/>
      </object_component>
      <object_component id="oc-b9">
         <name>.debug_line</name>
         <load_address>0x2452</load_address>
         <run_address>0x2452</run_address>
         <size>0x20</size>
         <input_file_ref idref="fl-c6"/>
      </object_component>
      <object_component id="oc-17">
         <name>.debug_line</name>
         <load_address>0x2472</load_address>
         <run_address>0x2472</run_address>
         <size>0xa9</size>
         <input_file_ref idref="fl-c6"/>
      </object_component>
      <object_component id="oc-34">
         <name>.debug_line</name>
         <load_address>0x251b</load_address>
         <run_address>0x251b</run_address>
         <size>0x3a</size>
         <input_file_ref idref="fl-c6"/>
      </object_component>
      <object_component id="oc-b6">
         <name>.debug_line</name>
         <load_address>0x2555</load_address>
         <run_address>0x2555</run_address>
         <size>0x9a</size>
         <input_file_ref idref="fl-c6"/>
      </object_component>
      <object_component id="oc-7d">
         <name>.debug_line</name>
         <load_address>0x25ef</load_address>
         <run_address>0x25ef</run_address>
         <size>0x96</size>
         <input_file_ref idref="fl-c6"/>
      </object_component>
      <object_component id="oc-257">
         <name>.debug_line</name>
         <load_address>0x2685</load_address>
         <run_address>0x2685</run_address>
         <size>0x20</size>
         <input_file_ref idref="fl-c7"/>
      </object_component>
      <object_component id="oc-163">
         <name>.debug_line</name>
         <load_address>0x26a5</load_address>
         <run_address>0x26a5</run_address>
         <size>0xae</size>
         <input_file_ref idref="fl-c7"/>
      </object_component>
      <object_component id="oc-6c">
         <name>.debug_line</name>
         <load_address>0x2753</load_address>
         <run_address>0x2753</run_address>
         <size>0x33</size>
         <input_file_ref idref="fl-c8"/>
      </object_component>
      <object_component id="oc-5e">
         <name>.debug_line</name>
         <load_address>0x2786</load_address>
         <run_address>0x2786</run_address>
         <size>0x45</size>
         <input_file_ref idref="fl-c8"/>
      </object_component>
      <object_component id="oc-2d8">
         <name>.debug_line</name>
         <load_address>0x27cb</load_address>
         <run_address>0x27cb</run_address>
         <size>0x264</size>
         <input_file_ref idref="fl-c9"/>
      </object_component>
      <object_component id="oc-215">
         <name>.debug_line</name>
         <load_address>0x2a2f</load_address>
         <run_address>0x2a2f</run_address>
         <size>0x7a</size>
         <input_file_ref idref="fl-c9"/>
      </object_component>
      <object_component id="oc-29f">
         <name>.debug_line</name>
         <load_address>0x2aa9</load_address>
         <run_address>0x2aa9</run_address>
         <size>0x51</size>
         <input_file_ref idref="fl-c9"/>
      </object_component>
      <object_component id="oc-2a5">
         <name>.debug_line</name>
         <load_address>0x2afa</load_address>
         <run_address>0x2afa</run_address>
         <size>0x88</size>
         <input_file_ref idref="fl-c9"/>
      </object_component>
      <object_component id="oc-220">
         <name>.debug_line</name>
         <load_address>0x2b82</load_address>
         <run_address>0x2b82</run_address>
         <size>0x14b</size>
         <input_file_ref idref="fl-c9"/>
      </object_component>
      <object_component id="oc-2ac">
         <name>.debug_line</name>
         <load_address>0x2ccd</load_address>
         <run_address>0x2ccd</run_address>
         <size>0xec</size>
         <input_file_ref idref="fl-c9"/>
      </object_component>
      <object_component id="oc-2b2">
         <name>.debug_line</name>
         <load_address>0x2db9</load_address>
         <run_address>0x2db9</run_address>
         <size>0x5d</size>
         <input_file_ref idref="fl-c9"/>
      </object_component>
      <object_component id="oc-226">
         <name>.debug_line</name>
         <load_address>0x2e16</load_address>
         <run_address>0x2e16</run_address>
         <size>0x5c</size>
         <input_file_ref idref="fl-c9"/>
      </object_component>
      <object_component id="oc-22c">
         <name>.debug_line</name>
         <load_address>0x2e72</load_address>
         <run_address>0x2e72</run_address>
         <size>0xae</size>
         <input_file_ref idref="fl-c9"/>
      </object_component>
      <object_component id="oc-232">
         <name>.debug_line</name>
         <load_address>0x2f20</load_address>
         <run_address>0x2f20</run_address>
         <size>0x1ac</size>
         <input_file_ref idref="fl-c9"/>
[...]
         <name>ST7735_DrawString</name>
         <value>0xe5f</value>
         <object_component_ref idref="oc-c3"/>
      </symbol>
      <symbol id="sm-1d9">
         <name>ST7735_FillRect</name>
         <value>0x811</value>
         <object_component_ref idref="oc-c3"/>
      </symbol>
      <symbol id="sm-1da">
         <name>ST7735_PlotPoint</name>
         <value>0x1107</value>
         <object_component_ref idref="oc-c3"/>
      </symbol>
      <symbol id="sm-1db">
         <name>fputc</name>
         <value>0x15bf</value>
         <object_component_ref idref="oc-c3"/>
      </symbol>
      <symbol id="sm-1dc">
         <name>fgetc</name>
         <value>0x15d1</value>
         <object_component_ref idref="oc-c3"/>
      </symbol>
      <symbol id="sm-1dd">
         <name>ST7735_InvertDisplay</name>
         <value>0x1093</value>
         <object_component_ref idref="oc-c3"/>
      </symbol>
      <symbol id="sm-1de">
         <name>ST7735_DrawFastHLine</name>
         <value>0x721</value>
         <object_component_ref idref="oc-c3"/>
      </symbol>
      <symbol id="sm-1df">
         <name>ST7735_OutString</name>
         <value>0x158d</value>
         <object_component_ref idref="oc-c3"/>
      </symbol>
      <symbol id="sm-25f">
         <name>selectPinInterruptBothEdges</name>
         <value>0x3757</value>
         <object_component_ref idref="oc-d4"/>
      </symbol>
      <symbol id="sm-260">
         <name>getPortValue</name>
         <value>0x398d</value>
         <object_component_ref idref="oc-d4"/>
      </symbol>
      <symbol id="sm-261">
         <name>selectPinAnalogInput</name>
         <value>0x343b</value>
         <object_component_ref idref="oc-d4"/>
      </symbol>
      <symbol id="sm-262">
         <name>clearPinInterrupt</name>
         <value>0x3869</value>
         <object_component_ref idref="oc-d4"/>
      </symbol>
      <symbol id="sm-263">
         <name>selectPinPushPullOutput</name>
         <value>0x3351</value>
         <object_component_ref idref="oc-d4"/>
      </symbol>
      <symbol id="sm-264">
         <name>selectPinInterruptHighLevel</name>
         <value>0x37ad</value>
         <object_component_ref idref="oc-d4"/>
      </symbol>
      <symbol id="sm-265">
         <name>selectPinInterruptFallingEdge</name>
         <value>0x3707</value>
         <object_component_ref idref="oc-d4"/>
      </symbol>
      <symbol id="sm-266">
         <name>selectPinOpenDrainOutput</name>
         <value>0x339f</value>
         <object_component_ref idref="oc-d4"/>
      </symbol>
      <symbol id="sm-267">
         <name>selectPinInterruptLowLevel</name>
         <value>0x37e7</value>
         <object_component_ref idref="oc-d4"/>
      </symbol>
      <symbol id="sm-268">
         <name>setPortValue</name>
         <value>0x3915</value>
         <object_component_ref idref="oc-d4"/>
      </symbol>
      <symbol id="sm-269">
         <name>enablePinInterrupt</name>
         <value>0x3821</value>
         <object_component_ref idref="oc-d4"/>
      </symbol>
      <symbol id="sm-26a">
         <name>setPinAuxFunction</name>
         <value>0x35a5</value>
         <object_component_ref idref="oc-d4"/>
      </symbol>
      <symbol id="sm-26b">
         <name>enablePort</name>
         <value>0x3215</value>
         <object_component_ref idref="oc-d4"/>
      </symbol>
      <symbol id="sm-26c">
         <name>disablePinPulldown</name>
         <value>0x357d</value>
         <object_component_ref idref="oc-d4"/>
      </symbol>
      <symbol id="sm-26d">
         <name>setPinCommitControl</name>
         <value>0x348b</value>
         <object_component_ref idref="oc-d4"/>
      </symbol>
      <symbol id="sm-26e">
         <name>disablePort</name>
         <value>0x32d1</value>
         <object_component_ref idref="oc-d4"/>
      </symbol>
      <symbol id="sm-26f">
         <name>disablePinInterrupt</name>
         <value>0x3845</value>
         <object_component_ref idref="oc-d4"/>
      </symbol>
      <symbol id="sm-270">
         <name>enablePinPullup</name>
         <value>0x3507</value>
         <object_component_ref idref="oc-d4"/>
      </symbol>
      <symbol id="sm-271">
         <name>togglePinValue</name>
         <value>0x38b3</value>
         <object_component_ref idref="oc-d4"/>
      </symbol>
      <symbol id="sm-272">
         <name>getPinValue</name>
         <value>0x38d7</value>
         <object_component_ref idref="oc-d4"/>
      </symbol>
      <symbol id="sm-273">
         <name>enablePinPulldown</name>
         <value>0x3559</value>
         <object_component_ref idref="oc-d4"/>
      </symbol>
      <symbol id="sm-274">
         <name>disablePinPullup</name>
         <value>0x3535</value>
         <object_component_ref idref="oc-d4"/>
      </symbol>
      <symbol id="sm-275">
         <name>selectPinDigitalInput</name>
         <value>0x33ed</value>
         <object_component_ref idref="oc-d4"/>
      </symbol>
      <symbol id="sm-276">
         <name>selectPinInterruptRisingEdge</name>
         <value>0x36b7</value>
         <object_component_ref idref="oc-d4"/>
      </symbol>
      <symbol id="sm-277">
         <name>setPinValue</name>
         <value>0x388d</value>
         <object_component_ref idref="oc-d4"/>
      </symbol>
      <symbol id="sm-2c4">
         <name>Read_Key</name>
         <value>0x3adb</value>
         <object_component_ref idref="oc-9b"/>
      </symbol>
      <symbol id="sm-2c5">
         <name>Delete_Key</name>
         <value>0x3b99</value>
         <object_component_ref idref="oc-9b"/>
      </symbol>
      <symbol id="sm-2c6">
         <name>update_arrow_pos</name>
         <value>0x3a51</value>
         <object_component_ref idref="oc-9b"/>
      </symbol>
      <symbol id="sm-2c7">
         <name>menu_controller</name>
         <value>0x3c43</value>
         <object_component_ref idref="oc-9b"/>
      </symbol>
      <symbol id="sm-2c8">
         <name>main</name>
         <value>0x3c69</value>
         <object_component_ref idref="oc-9b"/>
      </symbol>
      <symbol id="sm-2c9">
         <name>delete_arrow</name>
         <value>0x3a39</value>
         <object_component_ref idref="oc-9b"/>
      </symbol>
      <symbol id="sm-2ca">
         <name>main_menu</name>
         <value>0x3a9f</value>
         <object_component_ref idref="oc-9b"/>
      </symbol>
      <symbol id="sm-2cb">
         <name>Write_Key</name>
         <value>0x3b7f</value>
         <object_component_ref idref="oc-9b"/>
      </symbol>
      <symbol id="sm-2cc">
         <name>draw_arrow</name>
         <value>0x3a1d</value>
         <object_component_ref idref="oc-9b"/>
      </symbol>
      <symbol id="sm-2cd">
         <name>checkButtonDebounced</name>
         <value>0x3c11</value>
         <object_component_ref idref="oc-9b"/>
      </symbol>
      <symbol id="sm-2ce">
         <name>arrow_pos</name>
         <value>0x20000c60</value>
         <object_component_ref idref="oc-e0"/>
      </symbol>
      <symbol id="sm-3be">
         <name>rfidTable</name>
         <value>0x20000000</value>
      </symbol>
      <symbol id="sm-3bf">
         <name>rc522Init</name>
         <value>0x1b45</value>
         <object_component_ref idref="oc-ce"/>
      </symbol>
      <symbol id="sm-3c0">
         <name>setSpi2BaudRate</name>
         <value>0x181f</value>
         <object_component_ref idref="oc-ce"/>
      </symbol>
      <symbol id="sm-3c1">
         <name>rcClearBitMask</name>
         <value>0x1b01</value>
         <object_component_ref idref="oc-ce"/>
      </symbol>
      <symbol id="sm-3c2">
         <name>rc522GetVersion</name>
         <value>0x1a15</value>
         <object_component_ref idref="oc-ce"/>
      </symbol>
      <symbol id="sm-3c3">
         <name>rc522WriteBlock</name>
         <value>0x2139</value>
         <object_component_ref idref="oc-ce"/>
      </symbol>
      <symbol id="sm-3c4">
         <name>rcWriteReg</name>
         <value>0x18b7</value>
         <object_component_ref idref="oc-ce"/>
      </symbol>
      <symbol id="sm-3c5">
         <name>rc522StopCrypto</name>
         <value>0x2275</value>
         <object_component_ref idref="oc-ce"/>
      </symbol>
      <symbol id="sm-3c6">
         <name>rc522SelectTag</name>
         <value>0x1f79</value>
         <object_component_ref idref="oc-ce"/>
      </symbol>
      <symbol id="sm-3c7">
         <name>setSpi1BaudRate</name>
         <value>0x176b</value>
         <object_component_ref idref="oc-ce"/>
      </symbol>
      <symbol id="sm-3c8">
         <name>rc522ToCard</name>
         <value>0x1c99</value>
         <object_component_ref idref="oc-ce"/>
      </symbol>
      <symbol id="sm-3c9">
         <name>rc522ReadBlock</name>
         <value>0x20d5</value>
         <object_component_ref idref="oc-ce"/>
      </symbol>
      <symbol id="sm-3ca">
         <name>rc522CalcCRC</name>
         <value>0x1bdd</value>
         <object_component_ref idref="oc-ce"/>
      </symbol>
      <symbol id="sm-3cb">
         <name>rcSetBitMask</name>
         <value>0x1ac5</value>
         <object_component_ref idref="oc-ce"/>
      </symbol>
      <symbol id="sm-3cc">
         <name>rc522Auth</name>
         <value>0x200d</value>
         <object_component_ref idref="oc-ce"/>
      </symbol>
      <symbol id="sm-3cd">
         <name>rc522SpiSelfTest</name>
         <value>0x1a35</value>
         <object_component_ref idref="oc-ce"/>
      </symbol>
      <symbol id="sm-3ce">
         <name>initSpi1</name>
         <value>0x16e5</value>
         <object_component_ref idref="oc-ce"/>
      </symbol>
      <symbol id="sm-3cf">
         <name>initSpi2</name>
         <value>0x1797</value>
         <object_component_ref idref="oc-ce"/>
      </symbol>
      <symbol id="sm-3d0">
         <name>rc522Anticoll</name>
         <value>0x1ee5</value>
         <object_component_ref idref="oc-ce"/>
      </symbol>
      <symbol id="sm-3d1">
         <name>rc522HaltA</name>
         <value>0x2231</value>
         <object_component_ref idref="oc-ce"/>
      </symbol>
      <symbol id="sm-3d2">
         <name>rfidCount</name>
         <value>0x20000c61</value>
         <object_component_ref idref="oc-165"/>
      </symbol>
      <symbol id="sm-3d3">
         <name>writeRFID</name>
         <value>0x2611</value>
         <object_component_ref idref="oc-ce"/>
      </symbol>
      <symbol id="sm-3d4">
         <name>rcReadReg</name>
         <value>0x1955</value>
         <object_component_ref idref="oc-ce"/>
      </symbol>
      <symbol id="sm-3d5">
         <name>rc522Request</name>
         <value>0x1e8b</value>
         <object_component_ref idref="oc-ce"/>
      </symbol>
      <symbol id="sm-3d6">
         <name>readRFID</name>
         <value>0x2289</value>
         <object_component_ref idref="oc-ce"/>
      </symbol>
      <symbol id="sm-3d7">
         <name>initRC</name>
         <value>0x165d</value>
         <object_component_ref idref="oc-ce"/>
      </symbol>
      <symbol id="sm-3f3">
         <name>ResetISR</name>
         <value>0x519b</value>
         <object_component_ref idref="oc-27"/>
      </symbol>
      <symbol id="sm-3f4">
         <name>g_pfnVectors</name>
         <value>0x0</value>
         <object_component_ref idref="oc-12"/>
      </symbol>
      <symbol id="sm-403">
         <name>waitMicrosecond</name>
         <value>0x50e5</value>
         <object_component_ref idref="oc-c9"/>
      </symbol>
      <symbol id="sm-42a">
         <name>sprintf</name>
         <value>0x4fc9</value>
         <object_component_ref idref="oc-159"/>
      </symbol>
      <symbol id="sm-445">
         <name>memcpy</name>
         <value>0x4a03</value>
         <object_component_ref idref="oc-3b"/>
      </symbol>
      <symbol id="sm-446">
         <name>__aeabi_memcpy</name>
         <value>0x4a03</value>
         <object_component_ref idref="oc-3b"/>
      </symbol>
      <symbol id="sm-447">
         <name>__aeabi_memcpy8</name>
         <value>0x4a03</value>
         <object_component_ref idref="oc-3b"/>
      </symbol>
      <symbol id="sm-448">
         <name>__aeabi_memcpy4</name>
         <value>0x4a03</value>
         <object_component_ref idref="oc-3b"/>
      </symbol>
      <symbol id="sm-457">
         <name>__aeabi_memset</name>
         <value>0x4c43</value>
         <object_component_ref idref="oc-8f"/>
      </symbol>
      <symbol id="sm-458">
         <name>memset</name>
         <value>0x4c49</value>
         <object_component_ref idref="oc-8f"/>
      </symbol>
      <symbol id="sm-459">
         <name>__aeabi_memset8</name>
         <value>0x4c43</value>
         <object_component_ref idref="oc-8f"/>
      </symbol>
      <symbol id="sm-45a">
         <name>__aeabi_memset4</name>
         <value>0x4c43</value>
         <object_component_ref idref="oc-8f"/>
      </symbol>
      <symbol id="sm-45b">
         <name>__aeabi_memclr8</name>
         <value>0x4c41</value>
         <object_component_ref idref="oc-8f"/>
      </symbol>
      <symbol id="sm-45c">
         <name>__aeabi_memclr4</name>
         <value>0x4c41</value>
         <object_component_ref idref="oc-8f"/>
      </symbol>
      <symbol id="sm-45d">
         <name>__aeabi_memclr</name>
         <value>0x4c41</value>
         <object_component_ref idref="oc-8f"/>
      </symbol>
      <symbol id="sm-474">
         <name>__TI_zero_init</name>
         <value>0x518f</value>
         <object_component_ref idref="oc-4d"/>
      </symbol>
      <symbol id="sm-48b">
         <name>__TI_decompress_none</name>
         <value>0x5181</value>
         <object_component_ref idref="oc-1b"/>
      </symbol>
      <symbol id="sm-4ae">
         <name>__TI_decompress_lzss</name>
         <value>0x4d29</value>
         <object_component_ref idref="oc-15"/>
      </symbol>
      <symbol id="sm-4be">
         <name>strcat</name>
         <value>0x50ab</value>
         <object_component_ref idref="oc-15f"/>
      </symbol>
      <symbol id="sm-4d1">
         <name>__stack</name>
         <value>0x20000a48</value>
         <object_component_ref idref="oc-24"/>
      </symbol>
      <symbol id="sm-4d2">
         <name>_c_int00_noargs</name>
         <value>0x5049</value>
         <object_component_ref idref="oc-59"/>
      </symbol>
      <symbol id="sm-637">
         <name>__TI_printfi</name>
         <value>0x27c5</value>
         <object_component_ref idref="oc-1c0"/>
      </symbol>
      <symbol id="sm-64e">
         <name>__aeabi_dsub</name>
         <value>0x41f5</value>
         <object_component_ref idref="oc-296"/>
      </symbol>
      <symbol id="sm-64f">
         <name>__aeabi_dadd</name>
         <value>0x41ff</value>
         <object_component_ref idref="oc-296"/>
      </symbol>
      <symbol id="sm-671">
         <name>__aeabi_cdcmpeq</name>
         <value>0x4b35</value>
         <object_component_ref idref="oc-217"/>
      </symbol>
      <symbol id="sm-672">
         <name>__aeabi_cdcmple</name>
         <value>0x4b35</value>
         <object_component_ref idref="oc-217"/>
      </symbol>
      <symbol id="sm-673">
         <name>__aeabi_cdrcmple</name>
         <value>0x4bbb</value>
         <object_component_ref idref="oc-281"/>
      </symbol>
      <symbol id="sm-687">
         <name>__aeabi_ddiv</name>
         <value>0x44e9</value>
         <object_component_ref idref="oc-27c"/>
      </symbol>
      <symbol id="sm-692">
         <name>__aeabi_dmul</name>
         <value>0x4855</value>
         <object_component_ref idref="oc-277"/>
      </symbol>
      <symbol id="sm-69c">
         <name>__aeabi_d2iz</name>
         <value>0x4f3d</value>
         <object_component_ref idref="oc-286"/>
      </symbol>
      <symbol id="sm-6a6">
         <name>__aeabi_i2d</name>
         <value>0x507d</value>
         <object_component_ref idref="oc-291"/>
      </symbol>
      <symbol id="sm-6b3">
         <name>__aeabi_uldivmod</name>
         <value>0x4a9f</value>
         <object_component_ref idref="oc-270"/>
      </symbol>
      <symbol id="sm-6db">
         <name>__TI_auto_init_nobinit_nopinit</name>
         <value>0x4f85</value>
         <object_component_ref idref="oc-f8"/>
      </symbol>
      <symbol id="sm-6e5">
         <name>_system_pre_init</name>
         <value>0x51b9</value>
         <object_component_ref idref="oc-95"/>
      </symbol>
      <symbol id="sm-6f1">
         <name>C$$EXIT</name>
         <value>0x51bd</value>
         <object_component_ref idref="oc-ec"/>
      </symbol>
      <symbol id="sm-6f2">
         <name>abort</name>
         <value>0x51bd</value>
         <object_component_ref idref="oc-ec"/>
      </symbol>
      <symbol id="sm-702">
         <name>__TI_ltoa</name>
         <value>0x4e4b</value>
         <object_component_ref idref="oc-28b"/>
      </symbol>
      <symbol id="sm-719">
         <name>atoi</name>
         <value>0x4ef1</value>
         <object_component_ref idref="oc-20b"/>
      </symbol>
      <symbol id="sm-724">
         <name>_ctypes_</name>
         <value>0x58bb</value>
         <object_component_ref idref="oc-26b"/>
      </symbol>
      <symbol id="sm-734">
         <name>memccpy</name>
         <value>0x50c9</value>
         <object_component_ref idref="oc-234"/>
      </symbol>
      <symbol id="sm-744">
         <name>strchr</name>
         <value>0x5133</value>
         <object_component_ref idref="oc-2c2"/>
      </symbol>
      <symbol id="sm-752">
         <name>strlen</name>
         <value>0x5149</value>
         <object_component_ref idref="oc-205"/>
      </symbol>
      <symbol id="sm-768">
         <name>__aeabi_errno_addr</name>
         <value>0x51b1</value>
         <object_component_ref idref="oc-240"/>
      </symbol>
      <symbol id="sm-769">
         <name>errno</name>
         <value>0x20000c5c</value>
         <object_component_ref idref="oc-2d2"/>
      </symbol>
      <symbol id="sm-782">
         <name>wcslen</name>
         <value>0x515d</value>
         <object_component_ref idref="oc-23a"/>
      </symbol>
      <symbol id="sm-7a2">
         <name>frexpl</name>
         <value>0x4d91</value>
         <object_component_ref idref="oc-2b6"/>
      </symbol>
      <symbol id="sm-7a3">
         <name>frexp</name>
         <value>0x4d91</value>
         <object_component_ref idref="oc-2b6"/>
      </symbol>
      <symbol id="sm-7c0">
         <name>scalbn</name>
         <value>0x4745</value>
         <object_component_ref idref="oc-2bc"/>
      </symbol>
      <symbol id="sm-7c1">
         <name>scalbnl</name>
         <value>0x4745</value>
         <object_component_ref idref="oc-2bc"/>
      </symbol>
      <symbol id="sm-7c2">
         <name>ldexpl</name>
         <value>0x4745</value>
         <object_component_ref idref="oc-2bc"/>
      </symbol>
      <symbol id="sm-7c3">
         <name>ldexp</name>
         <value>0x4745</value>
         <object_component_ref idref="oc-2bc"/>
      </symbol>
      <symbol id="sm-7cd">
         <name>__aeabi_idiv0</name>
         <value>0x3213</value>
         <object_component_ref idref="oc-2ef"/>
      </symbol>
      <symbol id="sm-7ce">
         <name>__aeabi_ldiv0</name>
         <value>0x3213</value>
         <object_component_ref idref="oc-2ef"/>
      </symbol>
      <symbol id="sm-7d8">
         <name>copysign</name>
         <value>0x5101</value>
         <object_component_ref idref="oc-308"/>
      </symbol>
      <symbol id="sm-7d9">
         <name>copysignl</name>
         <value>0x5101</value>
         <object_component_ref idref="oc-308"/>
      </symbol>
      <symbol id="sm-7da">
         <name>__TI_static_base__</name>
         <value>0x0</value>
      </symbol>
      <symbol id="sm-7dd">
         <name>__mpu_init</name>
         <value>0x0</value>
      </symbol>
      <symbol id="sm-7de">
         <name>_system_post_cinit</name>
         <value>0x0</value>
      </symbol>
   </symbol_table>
   <title>Link successful</title>
</link_info>
