******************************************************************************
                  TI ARM Linker Unix v20.2.7                   
******************************************************************************
>> Linked Sat Apr 25 18:46:10 2026

OUTPUT FILE NAME:   <COPIER_PROJ.out>
ENTRY POINT SYMBOL: "_c_int00_noargs"  address: 00002159


MEMORY CONFIGURATION

         name            origin    length      used     unused   attr    fill
----------------------  --------  ---------  --------  --------  ----  --------
  FLASH                 00000000   00040000  00002a10  0003d5f0  R  X
  SRAM                  20000000   00008000  00000239  00007dc7  RW X


SEGMENT ALLOCATION MAP

run origin  load origin   length   init length attrs members
----------  ----------- ---------- ----------- ----- -------
00000000    00000000    00002a10   00002a10    r-x
  00000000    00000000    0000026c   0000026c    r-- .intvecs
  0000026c    0000026c    00001f8a   00001f8a    r-x .text
  000021f6    000021f6    000007e2   000007e2    r-- .const
  000029d8    000029d8    00000038   00000038    r-- .cinit
20000000    20000000    00000239   00000000    rw-
  20000000    20000000    00000200   00000000    rw- .stack
  20000200    20000200    00000024   00000000    rw- .bss
  20000224    20000224    00000015   00000000    rw- .data


SECTION ALLOCATION MAP

 output                                  attributes/
section   page    origin      length       input sections
--------  ----  ----------  ----------   ----------------
.intvecs   0    00000000    0000026c     
                  00000000    0000026c     tm4c123gh6pm_startup_ccs.obj (.intvecs)

.text      0    0000026c    00001f8a     
                  0000026c    000013f0     display_lib.obj (.text)
                  0000165c    00000808     gpio.obj (.text)
                  00001e64    000001ac     main.obj (.text)
                  00002010    0000009c     rtsv7M4_T_le_v4SPD16_eabi.lib : memcpy_t2.asm.obj (.text)
                  000020ac    00000068                                   : copy_decompress_lzss.c.obj (.text:decompress:lzss:__TI_decompress_lzss)
                  00002114    00000044                                   : autoinit.c.obj (.text:__TI_auto_init_nobinit_nopinit:__TI_auto_init_nobinit_nopinit)
                  00002158    00000034                                   : boot_cortex_m.c.obj (.text:_c_int00_noargs:_c_int00_noargs)
                  0000218c    0000001c                                   : copy_zero_init.c.obj (.text:decompress:ZI:__TI_zero_init_nomemset:__TI_zero_init_nomemset)
                  000021a8    0000001c     wait.obj (.text)
                  000021c4    00000010     clock.obj (.text)
                  000021d4    0000000e     rtsv7M4_T_le_v4SPD16_eabi.lib : copy_decompress_none.c.obj (.text:decompress:none:__TI_decompress_none)
                  000021e2    0000000c     tm4c123gh6pm_startup_ccs.obj (.text)
                  000021ee    00000004     rtsv7M4_T_le_v4SPD16_eabi.lib : pre_init.c.obj (.text:_system_pre_init)
                  000021f2    00000004                                   : exit.c.obj (.text:abort:abort)

.const     0    000021f6    000007e2     
                  000021f6    000004fb     display_lib.obj (.const:.string:Font)
                  000026f1    00000200     display_lib.obj (.const:.string:dBfs)
                  000028f1    00000067     display_lib.obj (.const:.string:Bcmd)
                  00002958    0000003b     display_lib.obj (.const:.string:Rcmd1)
                  00002993    0000002b     display_lib.obj (.const:.string:Rcmd3)
                  000029be    0000000d     display_lib.obj (.const:.string:Rcmd2green)
                  000029cb    0000000d     display_lib.obj (.const:.string:Rcmd2red)

.cinit     0    000029d8    00000038     
                  000029d8    00000012     (.cinit..data.load) [load image, compression = lzss]
                  000029ea    00000002     --HOLE-- [fill = 0]
                  000029ec    0000000c     (__TI_handler_table)
                  000029f8    00000008     (.cinit..bss.load) [load image, compression = zero_init]
                  00002a00    00000010     (__TI_cinit_table)

.init_array 
*          0    00000000    00000000     UNINITIALIZED

.bss       0    20000200    00000024     UNINITIALIZED
                  20000200    0000000c     (.common:Message)
                  2000020c    00000004     display_lib.obj (.bss)
                  20000210    00000004     (.common:Messageindex)
                  20000214    00000004     (.common:X)
                  20000218    00000004     (.common:Ymax)
                  2000021c    00000004     (.common:Ymin)
                  20000220    00000004     (.common:Yrange)

.data      0    20000224    00000015     UNINITIALIZED
                  20000224    00000014     display_lib.obj (.data)
                  20000238    00000001     main.obj (.data)

.stack     0    20000000    00000200     UNINITIALIZED
                  20000000    00000004     rtsv7M4_T_le_v4SPD16_eabi.lib : boot_cortex_m.c.obj (.stack)
                  20000004    000001fc     --HOLE--

__llvm_prf_cnts 
*          0    20000000    00000000     UNINITIALIZED

MODULE SUMMARY

       Module                         code   ro data   rw data
       ------                         ----   -------   -------
    ./
       display_lib.obj                5104   2018      56     
       gpio.obj                       2056   0         0      
       tm4c123gh6pm_startup_ccs.obj   12     620       0      
       main.obj                       428    0         1      
       wait.obj                       28     0         0      
       clock.obj                      16     0         0      
    +--+------------------------------+------+---------+---------+
       Total:                         7644   2638      57     
                                                              
    /Applications/ti/ccs1280/ccs/tools/compiler/ti-cgt-arm_20.2.7.LTS/lib/rtsv7M4_T_le_v4SPD16_eabi.lib
       memcpy_t2.asm.obj              156    0         0      
       copy_decompress_lzss.c.obj     104    0         0      
       autoinit.c.obj                 68     0         0      
       boot_cortex_m.c.obj            52     0         0      
       copy_zero_init.c.obj           28     0         0      
       copy_decompress_none.c.obj     14     0         0      
       exit.c.obj                     4      0         0      
       pre_init.c.obj                 4      0         0      
    +--+------------------------------+------+---------+---------+
       Total:                         430    0         0      
                                                              
       Stack:                         0      0         512    
       Linker Generated:              0      54        0      
    +--+------------------------------+------+---------+---------+
       Grand Total:                   8074   2692      569    


LINKER GENERATED COPY TABLES

__TI_cinit_table @ 00002a00 records: 2, size/record: 8, table size: 16
	.data: load addr=000029d8, load size=00000012 bytes, run addr=20000224, run size=00000015 bytes, compression=lzss
	.bss: load addr=000029f8, load size=00000008 bytes, run addr=20000200, run size=00000024 bytes, compression=zero_init


LINKER GENERATED HANDLER TABLE

__TI_handler_table @ 000029ec records: 3, size/record: 4, table size: 12
	index: 0, handler: __TI_decompress_lzss
	index: 1, handler: __TI_decompress_none
	index: 2, handler: __TI_zero_init


GLOBAL SYMBOLS: SORTED ALPHABETICALLY BY Name 

address   name                          
-------   ----                          
000021f3  C$$EXIT                       
000002b9  Delay1ms                      
20000200  Message                       
20000210  Messageindex                  
000015fb  Output_Clear                  
00001615  Output_Color                  
000015eb  Output_Init                   
00001605  Output_Off                    
0000160d  Output_On                     
000021e3  ResetISR                      
0000091d  ST7735_Color565               
0000097f  ST7735_DrawBitmap             
00000cf1  ST7735_DrawChar               
00000b7d  ST7735_DrawCharS              
00000721  ST7735_DrawFastHLine          
0000062f  ST7735_DrawFastVLine          
000005d5  ST7735_DrawPixel              
00000e5f  ST7735_DrawString             
00000811  ST7735_FillRect               
000007d1  ST7735_FillScreen             
000004a5  ST7735_InitB                  
000004c5  ST7735_InitR                  
00001093  ST7735_InvertDisplay          
000014d1  ST7735_OutChar                
0000158d  ST7735_OutString              
00000f4d  ST7735_OutUDec                
000013dd  ST7735_PlotBar                
000010ab  ST7735_PlotClear              
000011cd  ST7735_PlotLine               
0000147d  ST7735_PlotNext               
00001497  ST7735_PlotNextErase          
00001107  ST7735_PlotPoint              
00001307  ST7735_PlotPoints             
00001433  ST7735_PlotdBfs               
00000f27  ST7735_SetCursor              
00000fc9  ST7735_SetRotation            
000015ab  ST7735_SetTextColor           
00000959  ST7735_SwapColor              
2000022c  StTextColor                   
20000224  StX                           
20000228  StY                           
20000214  X                             
20000218  Ymax                          
2000021c  Ymin                          
20000220  Yrange                        
20000200  __STACK_END                   
00000200  __STACK_SIZE                  
20000200  __STACK_TOP                   
00002a00  __TI_CINIT_Base               
00002a10  __TI_CINIT_Limit              
000029ec  __TI_Handler_Table_Base       
000029f8  __TI_Handler_Table_Limit      
00002115  __TI_auto_init_nobinit_nopinit
000020ad  __TI_decompress_lzss          
000021d5  __TI_decompress_none          
ffffffff  __TI_pprof_out_hndl           
ffffffff  __TI_prof_data_size           
ffffffff  __TI_prof_data_start          
00000000  __TI_static_base__            
0000218d  __TI_zero_init_nomemset       
00002011  __aeabi_memcpy                
00002011  __aeabi_memcpy4               
00002011  __aeabi_memcpy8               
ffffffff  __binit__                     
ffffffff  __c_args__                    
UNDEFED   __mpu_init                    
20000000  __stack                       
20000000  __start___llvm_prf_cnts       
20000000  __stop___llvm_prf_cnts        
00002159  _c_int00_noargs               
UNDEFED   _system_post_cinit            
000021ef  _system_pre_init              
000021f3  abort                         
20000238  arrow_pos                     
ffffffff  binit                         
00001f23  checkButtonDebounced          
00001cb1  clearPinInterrupt             
000026f1  dBfs                          
00001e81  delete_arrow                  
00001c8d  disablePinInterrupt           
000019c5  disablePinPulldown            
0000197d  disablePinPullup              
00001719  disablePort                   
00001e65  draw_arrow                    
00001c69  enablePinInterrupt            
000019a1  enablePinPulldown             
0000194f  enablePinPullup               
0000165d  enablePort                    
000015dd  ferror                        
000015d1  fgetc                         
00000ee5  fillmessage                   
000015bf  fputc                         
00000000  g_pfnVectors                  
00001d1f  getPinValue                   
00001dd5  getPortValue                  
000021c5  initSystemClockTo40Mhz        
20000234  lastj                         
00001f55  main                          
00002011  memcpy                        
00001ee7  menu_text                     
00001883  selectPinAnalogInput          
00001835  selectPinDigitalInput         
00001b9f  selectPinInterruptBothEdges   
00001b4f  selectPinInterruptFallingEdge 
00001bf5  selectPinInterruptHighLevel   
00001c2f  selectPinInterruptLowLevel    
00001aff  selectPinInterruptRisingEdge  
000017e7  selectPinOpenDrainOutput      
00001799  selectPinPushPullOutput       
000019ed  setPinAuxFunction             
000018d3  setPinCommitControl           
00001cd5  setPinValue                   
00001d5d  setPortValue                  
00001cfb  togglePinValue                
00001e99  update_arrow_pos              
000021a9  waitMicrosecond               


GLOBAL SYMBOLS: SORTED BY Symbol Address 

address   name                          
-------   ----                          
00000000  __TI_static_base__            
00000000  g_pfnVectors                  
00000200  __STACK_SIZE                  
000002b9  Delay1ms                      
000004a5  ST7735_InitB                  
000004c5  ST7735_InitR                  
000005d5  ST7735_DrawPixel              
0000062f  ST7735_DrawFastVLine          
00000721  ST7735_DrawFastHLine          
000007d1  ST7735_FillScreen             
00000811  ST7735_FillRect               
0000091d  ST7735_Color565               
00000959  ST7735_SwapColor              
0000097f  ST7735_DrawBitmap             
00000b7d  ST7735_DrawCharS              
00000cf1  ST7735_DrawChar               
00000e5f  ST7735_DrawString             
00000ee5  fillmessage                   
00000f27  ST7735_SetCursor              
00000f4d  ST7735_OutUDec                
00000fc9  ST7735_SetRotation            
00001093  ST7735_InvertDisplay          
000010ab  ST7735_PlotClear              
00001107  ST7735_PlotPoint              
000011cd  ST7735_PlotLine               
00001307  ST7735_PlotPoints             
000013dd  ST7735_PlotBar                
00001433  ST7735_PlotdBfs               
0000147d  ST7735_PlotNext               
00001497  ST7735_PlotNextErase          
000014d1  ST7735_OutChar                
0000158d  ST7735_OutString              
000015ab  ST7735_SetTextColor           
000015bf  fputc                         
000015d1  fgetc                         
000015dd  ferror                        
000015eb  Output_Init                   
000015fb  Output_Clear                  
00001605  Output_Off                    
0000160d  Output_On                     
00001615  Output_Color                  
0000165d  enablePort                    
00001719  disablePort                   
00001799  selectPinPushPullOutput       
000017e7  selectPinOpenDrainOutput      
00001835  selectPinDigitalInput         
00001883  selectPinAnalogInput          
000018d3  setPinCommitControl           
0000194f  enablePinPullup               
0000197d  disablePinPullup              
000019a1  enablePinPulldown             
000019c5  disablePinPulldown            
000019ed  setPinAuxFunction             
00001aff  selectPinInterruptRisingEdge  
00001b4f  selectPinInterruptFallingEdge 
00001b9f  selectPinInterruptBothEdges   
00001bf5  selectPinInterruptHighLevel   
00001c2f  selectPinInterruptLowLevel    
00001c69  enablePinInterrupt            
00001c8d  disablePinInterrupt           
00001cb1  clearPinInterrupt             
00001cd5  setPinValue                   
00001cfb  togglePinValue                
00001d1f  getPinValue                   
00001d5d  setPortValue                  
00001dd5  getPortValue                  
00001e65  draw_arrow                    
00001e81  delete_arrow                  
00001e99  update_arrow_pos              
00001ee7  menu_text                     
00001f23  checkButtonDebounced          
00001f55  main                          
00002011  __aeabi_memcpy                
00002011  __aeabi_memcpy4               
00002011  __aeabi_memcpy8               
00002011  memcpy                        
000020ad  __TI_decompress_lzss          
00002115  __TI_auto_init_nobinit_nopinit
00002159  _c_int00_noargs               
0000218d  __TI_zero_init_nomemset       
000021a9  waitMicrosecond               
000021c5  initSystemClockTo40Mhz        
000021d5  __TI_decompress_none          
000021e3  ResetISR                      
000021ef  _system_pre_init              
000021f3  C$$EXIT                       
000021f3  abort                         
000026f1  dBfs                          
000029ec  __TI_Handler_Table_Base       
000029f8  __TI_Handler_Table_Limit      
00002a00  __TI_CINIT_Base               
00002a10  __TI_CINIT_Limit              
20000000  __stack                       
20000000  __start___llvm_prf_cnts       
20000000  __stop___llvm_prf_cnts        
20000200  Message                       
20000200  __STACK_END                   
20000200  __STACK_TOP                   
20000210  Messageindex                  
20000214  X                             
20000218  Ymax                          
2000021c  Ymin                          
20000220  Yrange                        
20000224  StX                           
20000228  StY                           
2000022c  StTextColor                   
20000234  lastj                         
20000238  arrow_pos                     
ffffffff  __TI_pprof_out_hndl           
ffffffff  __TI_prof_data_size           
ffffffff  __TI_prof_data_start          
ffffffff  __binit__                     
ffffffff  __c_args__                    
ffffffff  binit                         
UNDEFED   __mpu_init                    
UNDEFED   _system_post_cinit            

[116 symbols]
