******************************************************************************
                  TI ARM Linker Unix v20.2.7                   
******************************************************************************
>> Linked Sun Apr 26 17:01:32 2026

OUTPUT FILE NAME:   <COPIER_PROJ.out>
ENTRY POINT SYMBOL: "_c_int00_noargs"  address: 0000345d


MEMORY CONFIGURATION

         name            origin    length      used     unused   attr    fill
----------------------  --------  ---------  --------  --------  ----  --------
  FLASH                 00000000   00040000  00003d0c  0003c2f4  R  X
  SRAM                  20000000   00008000  00000c5a  000073a6  RW X


SEGMENT ALLOCATION MAP

run origin  load origin   length   init length attrs members
----------  ----------- ---------- ----------- ----- -------
00000000    00000000    00003d10   00003d10    r-x
  00000000    00000000    0000026c   0000026c    r-- .intvecs
  0000026c    0000026c    0000327e   0000327e    r-x .text
  000034ea    000034ea    000007ea   000007ea    r-- .const
  00003cd8    00003cd8    00000038   00000038    r-- .cinit
20000000    20000000    00000c5e   00000000    rw-
  20000000    20000000    00000a44   00000000    rw- .bss
  20000a48    20000a48    00000200   00000000    rw- .stack
  20000c48    20000c48    00000016   00000000    rw- .data


SECTION ALLOCATION MAP

 output                                  attributes/
section   page    origin      length       input sections
--------  ----  ----------  ----------   ----------------
.intvecs   0    00000000    0000026c     
                  00000000    0000026c     tm4c123gh6pm_startup_ccs.obj (.intvecs)

.text      0    0000026c    0000327e     
                  0000026c    000013f0     display_lib.obj (.text)
                  0000165c    00001104     rfid.obj (.text)
                  00002760    00000808     gpio.obj (.text)
                  00002f68    00000330     main.obj (.text)
                  00003298    0000009c     rtsv7M4_T_le_v4SPD16_eabi.lib : memcpy_t2.asm.obj (.text)
                  00003334    0000007a                                   : memset_t2.asm.obj (.text)
                  000033ae    00000068                                   : copy_decompress_lzss.c.obj (.text:decompress:lzss:__TI_decompress_lzss)
                  00003416    00000002     --HOLE-- [fill = 0]
                  00003418    00000044                                   : autoinit.c.obj (.text:__TI_auto_init_nobinit_nopinit:__TI_auto_init_nobinit_nopinit)
                  0000345c    00000034                                   : boot_cortex_m.c.obj (.text:_c_int00_noargs:_c_int00_noargs)
                  00003490    0000001c     wait.obj (.text)
                  000034ac    00000010     clock.obj (.text)
                  000034bc    0000000e     rtsv7M4_T_le_v4SPD16_eabi.lib : copy_decompress_none.c.obj (.text:decompress:none:__TI_decompress_none)
                  000034ca    0000000c                                   : copy_zero_init.c.obj (.text:decompress:ZI:__TI_zero_init)
                  000034d6    0000000c     tm4c123gh6pm_startup_ccs.obj (.text)
                  000034e2    00000004     rtsv7M4_T_le_v4SPD16_eabi.lib : pre_init.c.obj (.text:_system_pre_init)
                  000034e6    00000004                                   : exit.c.obj (.text:abort:abort)

.const     0    000034ea    000007ea     
                  000034ea    000004fb     display_lib.obj (.const:.string:Font)
                  000039e5    00000200     display_lib.obj (.const:.string:dBfs)
                  00003be5    00000067     display_lib.obj (.const:.string:Bcmd)
                  00003c4c    0000003b     display_lib.obj (.const:.string:Rcmd1)
                  00003c87    0000002b     display_lib.obj (.const:.string:Rcmd3)
                  00003cb2    0000000d     display_lib.obj (.const:.string:Rcmd2green)
                  00003cbf    0000000d     display_lib.obj (.const:.string:Rcmd2red)
                  00003ccc    00000006     rfid.obj (.const:.string:defaultKeyA)
                  00003cd2    00000002     rfid.obj (.const:.string:$P$T0$1)

.cinit     0    00003cd8    00000038     
                  00003cd8    00000012     (.cinit..data.load) [load image, compression = lzss]
                  00003cea    00000002     --HOLE-- [fill = 0]
                  00003cec    0000000c     (__TI_handler_table)
                  00003cf8    00000008     (.cinit..bss.load) [load image, compression = zero_init]
                  00003d00    00000010     (__TI_cinit_table)

.init_array 
*          0    00000000    00000000     UNINITIALIZED

.bss       0    20000000    00000a44     UNINITIALIZED
                  20000000    00000a20     (.common:rfidTable)
                  20000a20    0000000c     (.common:Message)
                  20000a2c    00000004     display_lib.obj (.bss)
                  20000a30    00000004     (.common:Messageindex)
                  20000a34    00000004     (.common:X)
                  20000a38    00000004     (.common:Ymax)
                  20000a3c    00000004     (.common:Ymin)
                  20000a40    00000004     (.common:Yrange)

.data      0    20000c48    00000016     UNINITIALIZED
                  20000c48    00000014     display_lib.obj (.data)
                  20000c5c    00000001     main.obj (.data)
                  20000c5d    00000001     rfid.obj (.data)

.stack     0    20000a48    00000200     UNINITIALIZED
                  20000a48    00000004     rtsv7M4_T_le_v4SPD16_eabi.lib : boot_cortex_m.c.obj (.stack)
                  20000a4c    000001fc     --HOLE--

__llvm_prf_cnts 
*          0    20000000    00000000     UNINITIALIZED

MODULE SUMMARY

       Module                         code    ro data   rw data
       ------                         ----    -------   -------
    ./
       display_lib.obj                5104    2018      56     
       rfid.obj                       4356    8         2593   
       gpio.obj                       2056    0         0      
       main.obj                       816     0         1      
       tm4c123gh6pm_startup_ccs.obj   12      620       0      
       wait.obj                       28      0         0      
       clock.obj                      16      0         0      
    +--+------------------------------+-------+---------+---------+
       Total:                         12388   2646      2650   
                                                               
    /Applications/ti/ccs1280/ccs/tools/compiler/ti-cgt-arm_20.2.7.LTS/lib/rtsv7M4_T_le_v4SPD16_eabi.lib
       memcpy_t2.asm.obj              156     0         0      
       memset_t2.asm.obj              122     0         0      
       copy_decompress_lzss.c.obj     104     0         0      
       autoinit.c.obj                 68      0         0      
       boot_cortex_m.c.obj            52      0         0      
       copy_decompress_none.c.obj     14      0         0      
       copy_zero_init.c.obj           12      0         0      
       exit.c.obj                     4       0         0      
       pre_init.c.obj                 4       0         0      
    +--+------------------------------+-------+---------+---------+
       Total:                         536     0         0      
                                                               
       Stack:                         0       0         512    
       Linker Generated:              0       54        0      
    +--+------------------------------+-------+---------+---------+
       Grand Total:                   12924   2700      3162   


LINKER GENERATED COPY TABLES

__TI_cinit_table @ 00003d00 records: 2, size/record: 8, table size: 16
	.data: load addr=00003cd8, load size=00000012 bytes, run addr=20000c48, run size=00000016 bytes, compression=lzss
	.bss: load addr=00003cf8, load size=00000008 bytes, run addr=20000000, run size=00000a44 bytes, compression=zero_init


LINKER GENERATED HANDLER TABLE

__TI_handler_table @ 00003cec records: 3, size/record: 4, table size: 12
	index: 0, handler: __TI_decompress_lzss
	index: 1, handler: __TI_decompress_none
	index: 2, handler: __TI_zero_init


GLOBAL SYMBOLS: SORTED ALPHABETICALLY BY Name 

address   name                          
-------   ----                          
000034e7  C$$EXIT                       
000002b9  Delay1ms                      
000030db  Delete_Key                    
20000a20  Message                       
20000a30  Messageindex                  
000015fb  Output_Clear                  
00001615  Output_Color                  
000015eb  Output_Init                   
00001605  Output_Off                    
0000160d  Output_On                     
00003027  Read_Key                      
000034d7  ResetISR                      
0000091d  ST7735_Color565               
0000097f  ST7735_DrawBitmap             
00000cf1  ST7735_DrawChar               
00000b7d  ST7735_DrawCharS              
00000721  ST7735_DrawFastHLine          
0000062f  ST7735_DrawFastVLine          
000005d5  ST7735_DrawPixel              
00000e5f  ST7735_DrawString             
00000811  ST7735_FillRect               
000007d1  ST7735_FillScreen             
000004a5  ST7735_InitB                  
000004c5  ST7735_InitR                  
00001093  ST7735_InvertDisplay          
000014d1  ST7735_OutChar                
0000158d  ST7735_OutString              
00000f4d  ST7735_OutUDec                
000013dd  ST7735_PlotBar                
000010ab  ST7735_PlotClear              
000011cd  ST7735_PlotLine               
0000147d  ST7735_PlotNext               
00001497  ST7735_PlotNextErase          
00001107  ST7735_PlotPoint              
00001307  ST7735_PlotPoints             
00001433  ST7735_PlotdBfs               
00000f27  ST7735_SetCursor              
00000fc9  ST7735_SetRotation            
000015ab  ST7735_SetTextColor           
00000959  ST7735_SwapColor              
20000c50  StTextColor                   
20000c48  StX                           
20000c4c  StY                           
000030c1  Write_Key                     
20000a34  X                             
20000a38  Ymax                          
20000a3c  Ymin                          
20000a40  Yrange                        
20000c48  __STACK_END                   
00000200  __STACK_SIZE                  
20000c48  __STACK_TOP                   
00003d00  __TI_CINIT_Base               
00003d10  __TI_CINIT_Limit              
00003cec  __TI_Handler_Table_Base       
00003cf8  __TI_Handler_Table_Limit      
00003419  __TI_auto_init_nobinit_nopinit
000033af  __TI_decompress_lzss          
000034bd  __TI_decompress_none          
ffffffff  __TI_pprof_out_hndl           
ffffffff  __TI_prof_data_size           
ffffffff  __TI_prof_data_start          
00000000  __TI_static_base__            
000034cb  __TI_zero_init                
00003335  __aeabi_memclr                
00003335  __aeabi_memclr4               
00003335  __aeabi_memclr8               
00003299  __aeabi_memcpy                
00003299  __aeabi_memcpy4               
00003299  __aeabi_memcpy8               
00003337  __aeabi_memset                
00003337  __aeabi_memset4               
00003337  __aeabi_memset8               
ffffffff  __binit__                     
ffffffff  __c_args__                    
UNDEFED   __mpu_init                    
20000a48  __stack                       
20000000  __start___llvm_prf_cnts       
20000000  __stop___llvm_prf_cnts        
0000345d  _c_int00_noargs               
UNDEFED   _system_post_cinit            
000034e3  _system_pre_init              
000034e7  abort                         
20000c5c  arrow_pos                     
ffffffff  binit                         
000030f5  checkButtonDebounced          
00002db5  clearPinInterrupt             
000039e5  dBfs                          
00002f85  delete_arrow                  
00002d91  disablePinInterrupt           
00002ac9  disablePinPulldown            
00002a81  disablePinPullup              
0000281d  disablePort                   
00002f69  draw_arrow                    
00002d6d  enablePinInterrupt            
00002aa5  enablePinPulldown             
00002a53  enablePinPullup               
00002761  enablePort                    
000015dd  ferror                        
000015d1  fgetc                         
00000ee5  fillmessage                   
000015bf  fputc                         
00000000  g_pfnVectors                  
00002e23  getPinValue                   
00002ed9  getPortValue                  
0000165d  initRC                        
000016c3  initSpi1                      
00001775  initSpi2                      
000034ad  initSystemClockTo40Mhz        
20000c58  lastj                         
00003149  main                          
00002feb  main_menu                     
00003299  memcpy                        
0000333d  memset                        
00003127  menu_controller               
00001ebd  rc522Anticoll                 
00001fe5  rc522Auth                     
00001bb5  rc522CalcCRC                  
000019e5  rc522GetVersion               
00002209  rc522HaltA                    
00001b1d  rc522Init                     
000020ad  rc522ReadBlock                
00001e63  rc522Request                  
00001f51  rc522SelectTag                
00001a0d  rc522SpiSelfTest              
0000224d  rc522StopCrypto               
00001c71  rc522ToCard                   
00002111  rc522WriteBlock               
00001ad5  rcClearBitMask                
0000192f  rcReadReg                     
00001a9d  rcSetBitMask                  
00001895  rcWriteReg                    
00002261  readRFID                      
20000c5d  rfidCount                     
20000000  rfidTable                     
00002987  selectPinAnalogInput          
00002939  selectPinDigitalInput         
00002ca3  selectPinInterruptBothEdges   
00002c53  selectPinInterruptFallingEdge 
00002cf9  selectPinInterruptHighLevel   
00002d33  selectPinInterruptLowLevel    
00002c03  selectPinInterruptRisingEdge  
000028eb  selectPinOpenDrainOutput      
0000289d  selectPinPushPullOutput       
00002af1  setPinAuxFunction             
000029d7  setPinCommitControl           
00002dd9  setPinValue                   
00002e61  setPortValue                  
00001749  setSpi1BaudRate               
000017fd  setSpi2BaudRate               
00002dff  togglePinValue                
00002f9d  update_arrow_pos              
00003491  waitMicrosecond               
000025ad  writeRFID                     


GLOBAL SYMBOLS: SORTED BY Symbol Address 

address   name                          
-------   ----                          
00000000  __TI_static_base__            
00000000  g_pfnVectors                  
00000200  __STACK_SIZE                  
000002b9  Delay1ms                      
000004a5  ST7735_InitB                  
000004c5  ST7735_InitR                  
000005d5  ST7735_DrawPixel              
0000062f  ST7735_DrawFastVLine          
00000721  ST7735_DrawFastHLine          
000007d1  ST7735_FillScreen             
00000811  ST7735_FillRect               
0000091d  ST7735_Color565               
00000959  ST7735_SwapColor              
0000097f  ST7735_DrawBitmap             
00000b7d  ST7735_DrawCharS              
00000cf1  ST7735_DrawChar               
00000e5f  ST7735_DrawString             
00000ee5  fillmessage                   
00000f27  ST7735_SetCursor              
00000f4d  ST7735_OutUDec                
00000fc9  ST7735_SetRotation            
00001093  ST7735_InvertDisplay          
000010ab  ST7735_PlotClear              
00001107  ST7735_PlotPoint              
000011cd  ST7735_PlotLine               
00001307  ST7735_PlotPoints             
000013dd  ST7735_PlotBar                
00001433  ST7735_PlotdBfs               
0000147d  ST7735_PlotNext               
00001497  ST7735_PlotNextErase          
000014d1  ST7735_OutChar                
0000158d  ST7735_OutString              
000015ab  ST7735_SetTextColor           
000015bf  fputc                         
000015d1  fgetc                         
000015dd  ferror                        
000015eb  Output_Init                   
000015fb  Output_Clear                  
00001605  Output_Off                    
0000160d  Output_On                     
00001615  Output_Color                  
0000165d  initRC                        
000016c3  initSpi1                      
00001749  setSpi1BaudRate               
00001775  initSpi2                      
000017fd  setSpi2BaudRate               
00001895  rcWriteReg                    
0000192f  rcReadReg                     
000019e5  rc522GetVersion               
00001a0d  rc522SpiSelfTest              
00001a9d  rcSetBitMask                  
00001ad5  rcClearBitMask                
00001b1d  rc522Init                     
00001bb5  rc522CalcCRC                  
00001c71  rc522ToCard                   
00001e63  rc522Request                  
00001ebd  rc522Anticoll                 
00001f51  rc522SelectTag                
00001fe5  rc522Auth                     
000020ad  rc522ReadBlock                
00002111  rc522WriteBlock               
00002209  rc522HaltA                    
0000224d  rc522StopCrypto               
00002261  readRFID                      
000025ad  writeRFID                     
00002761  enablePort                    
0000281d  disablePort                   
0000289d  selectPinPushPullOutput       
000028eb  selectPinOpenDrainOutput      
00002939  selectPinDigitalInput         
00002987  selectPinAnalogInput          
000029d7  setPinCommitControl           
00002a53  enablePinPullup               
00002a81  disablePinPullup              
00002aa5  enablePinPulldown             
00002ac9  disablePinPulldown            
00002af1  setPinAuxFunction             
00002c03  selectPinInterruptRisingEdge  
00002c53  selectPinInterruptFallingEdge 
00002ca3  selectPinInterruptBothEdges   
00002cf9  selectPinInterruptHighLevel   
00002d33  selectPinInterruptLowLevel    
00002d6d  enablePinInterrupt            
00002d91  disablePinInterrupt           
00002db5  clearPinInterrupt             
00002dd9  setPinValue                   
00002dff  togglePinValue                
00002e23  getPinValue                   
00002e61  setPortValue                  
00002ed9  getPortValue                  
00002f69  draw_arrow                    
00002f85  delete_arrow                  
00002f9d  update_arrow_pos              
00002feb  main_menu                     
00003027  Read_Key                      
000030c1  Write_Key                     
000030db  Delete_Key                    
000030f5  checkButtonDebounced          
00003127  menu_controller               
00003149  main                          
00003299  __aeabi_memcpy                
00003299  __aeabi_memcpy4               
00003299  __aeabi_memcpy8               
00003299  memcpy                        
00003335  __aeabi_memclr                
00003335  __aeabi_memclr4               
00003335  __aeabi_memclr8               
00003337  __aeabi_memset                
00003337  __aeabi_memset4               
00003337  __aeabi_memset8               
0000333d  memset                        
000033af  __TI_decompress_lzss          
00003419  __TI_auto_init_nobinit_nopinit
0000345d  _c_int00_noargs               
00003491  waitMicrosecond               
000034ad  initSystemClockTo40Mhz        
000034bd  __TI_decompress_none          
000034cb  __TI_zero_init                
000034d7  ResetISR                      
000034e3  _system_pre_init              
000034e7  C$$EXIT                       
000034e7  abort                         
000039e5  dBfs                          
00003cec  __TI_Handler_Table_Base       
00003cf8  __TI_Handler_Table_Limit      
00003d00  __TI_CINIT_Base               
00003d10  __TI_CINIT_Limit              
20000000  __start___llvm_prf_cnts       
20000000  __stop___llvm_prf_cnts        
20000000  rfidTable                     
20000a20  Message                       
20000a30  Messageindex                  
20000a34  X                             
20000a38  Ymax                          
20000a3c  Ymin                          
20000a40  Yrange                        
20000a48  __stack                       
20000c48  StX                           
20000c48  __STACK_END                   
20000c48  __STACK_TOP                   
20000c4c  StY                           
20000c50  StTextColor                   
20000c58  lastj                         
20000c5c  arrow_pos                     
20000c5d  rfidCount                     
ffffffff  __TI_pprof_out_hndl           
ffffffff  __TI_prof_data_size           
ffffffff  __TI_prof_data_start          
ffffffff  __binit__                     
ffffffff  __c_args__                    
ffffffff  binit                         
UNDEFED   __mpu_init                    
UNDEFED   _system_post_cinit            

[153 symbols]
