******************************************************************************
                  TI ARM Linker Unix v20.2.7                   
******************************************************************************
>> Linked Sun Apr 26 14:34:56 2026

OUTPUT FILE NAME:   <COPIER_PROJ.out>
ENTRY POINT SYMBOL: "_c_int00_noargs"  address: 000033e9


MEMORY CONFIGURATION

         name            origin    length      used     unused   attr    fill
----------------------  --------  ---------  --------  --------  ----  --------
  FLASH                 00000000   00040000  00003c98  0003c368  R  X
  SRAM                  20000000   00008000  00000c5a  000073a6  RW X


SEGMENT ALLOCATION MAP

run origin  load origin   length   init length attrs members
----------  ----------- ---------- ----------- ----- -------
00000000    00000000    00003c98   00003c98    r-x
  00000000    00000000    0000026c   0000026c    r-- .intvecs
  0000026c    0000026c    0000320a   0000320a    r-x .text
  00003476    00003476    000007ea   000007ea    r-- .const
  00003c60    00003c60    00000038   00000038    r-- .cinit
20000000    20000000    00000c5e   00000000    rw-
  20000000    20000000    00000a44   00000000    rw- .bss
  20000a48    20000a48    00000200   00000000    rw- .stack
  20000c48    20000c48    00000016   00000000    rw- .data


SECTION ALLOCATION MAP

 output                                  attributes/
section   page    origin      length       input sections
--------  ----  ----------  ----------   ----------------
.intvecs   0    00000000    0000026c     
                  00000000    0000026c     tm4c123gh6pm_startup_ccs.obj (.intvecs)

.text      0    0000026c    0000320a     
                  0000026c    000013f0     display_lib.obj (.text)
                  0000165c    000010f0     rfid.obj (.text)
                  0000274c    00000808     gpio.obj (.text)
                  00002f54    000002d0     main.obj (.text)
                  00003224    0000009c     rtsv7M4_T_le_v4SPD16_eabi.lib : memcpy_t2.asm.obj (.text)
                  000032c0    0000007a                                   : memset_t2.asm.obj (.text)
                  0000333a    00000068                                   : copy_decompress_lzss.c.obj (.text:decompress:lzss:__TI_decompress_lzss)
                  000033a2    00000002     --HOLE-- [fill = 0]
                  000033a4    00000044                                   : autoinit.c.obj (.text:__TI_auto_init_nobinit_nopinit:__TI_auto_init_nobinit_nopinit)
                  000033e8    00000034                                   : boot_cortex_m.c.obj (.text:_c_int00_noargs:_c_int00_noargs)
                  0000341c    0000001c     wait.obj (.text)
                  00003438    00000010     clock.obj (.text)
                  00003448    0000000e     rtsv7M4_T_le_v4SPD16_eabi.lib : copy_decompress_none.c.obj (.text:decompress:none:__TI_decompress_none)
                  00003456    0000000c                                   : copy_zero_init.c.obj (.text:decompress:ZI:__TI_zero_init)
                  00003462    0000000c     tm4c123gh6pm_startup_ccs.obj (.text)
                  0000346e    00000004     rtsv7M4_T_le_v4SPD16_eabi.lib : pre_init.c.obj (.text:_system_pre_init)
                  00003472    00000004                                   : exit.c.obj (.text:abort:abort)

.const     0    00003476    000007ea     
                  00003476    000004fb     display_lib.obj (.const:.string:Font)
                  00003971    00000200     display_lib.obj (.const:.string:dBfs)
                  00003b71    00000067     display_lib.obj (.const:.string:Bcmd)
                  00003bd8    0000003b     display_lib.obj (.const:.string:Rcmd1)
                  00003c13    0000002b     display_lib.obj (.const:.string:Rcmd3)
                  00003c3e    0000000d     display_lib.obj (.const:.string:Rcmd2green)
                  00003c4b    0000000d     display_lib.obj (.const:.string:Rcmd2red)
                  00003c58    00000006     rfid.obj (.const:.string:defaultKeyA)
                  00003c5e    00000002     rfid.obj (.const:.string:$P$T0$1)

.cinit     0    00003c60    00000038     
                  00003c60    00000012     (.cinit..data.load) [load image, compression = lzss]
                  00003c72    00000002     --HOLE-- [fill = 0]
                  00003c74    0000000c     (__TI_handler_table)
                  00003c80    00000008     (.cinit..bss.load) [load image, compression = zero_init]
                  00003c88    00000010     (__TI_cinit_table)

.init_array 
*          0    00000000    00000000     UNINITIALIZED

.bss       0    20000000    00000a44     UNINITIALIZED
                  20000000    00000a20     (.common:rfidTable)
                  20000a20    0000000c     (.common:Message)
                  20000a2c    00000004     display_lib.obj (.bss)
                  20000a30    00000004     (.common:Messageindex)
                  20000a34    00000004     (.common:X)
                  20000a38    00000004     (.common:Ymax)
                  20000a3c    00000004     (.common:Ymin)
                  20000a40    00000004     (.common:Yrange)

.data      0    20000c48    00000016     UNINITIALIZED
                  20000c48    00000014     display_lib.obj (.data)
                  20000c5c    00000001     main.obj (.data)
                  20000c5d    00000001     rfid.obj (.data)

.stack     0    20000a48    00000200     UNINITIALIZED
                  20000a48    00000004     rtsv7M4_T_le_v4SPD16_eabi.lib : boot_cortex_m.c.obj (.stack)
                  20000a4c    000001fc     --HOLE--

__llvm_prf_cnts 
*          0    20000000    00000000     UNINITIALIZED

MODULE SUMMARY

       Module                         code    ro data   rw data
       ------                         ----    -------   -------
    ./
       display_lib.obj                5104    2018      56     
       rfid.obj                       4336    8         2593   
       gpio.obj                       2056    0         0      
       main.obj                       720     0         1      
       tm4c123gh6pm_startup_ccs.obj   12      620       0      
       wait.obj                       28      0         0      
       clock.obj                      16      0         0      
    +--+------------------------------+-------+---------+---------+
       Total:                         12272   2646      2650   
                                                               
    /Applications/ti/ccs1280/ccs/tools/compiler/ti-cgt-arm_20.2.7.LTS/lib/rtsv7M4_T_le_v4SPD16_eabi.lib
       memcpy_t2.asm.obj              156     0         0      
       memset_t2.asm.obj              122     0         0      
       copy_decompress_lzss.c.obj     104     0         0      
       autoinit.c.obj                 68      0         0      
       boot_cortex_m.c.obj            52      0         0      
       copy_decompress_none.c.obj     14      0         0      
       copy_zero_init.c.obj           12      0         0      
       exit.c.obj                     4       0         0      
       pre_init.c.obj                 4       0         0      
    +--+------------------------------+-------+---------+---------+
       Total:                         536     0         0      
                                                               
       Stack:                         0       0         512    
       Linker Generated:              0       54        0      
    +--+------------------------------+-------+---------+---------+
       Grand Total:                   12808   2700      3162   


LINKER GENERATED COPY TABLES

__TI_cinit_table @ 00003c88 records: 2, size/record: 8, table size: 16
	.data: load addr=00003c60, load size=00000012 bytes, run addr=20000c48, run size=00000016 bytes, compression=lzss
	.bss: load addr=00003c80, load size=00000008 bytes, run addr=20000000, run size=00000a44 bytes, compression=zero_init


LINKER GENERATED HANDLER TABLE

__TI_handler_table @ 00003c74 records: 3, size/record: 4, table size: 12
	index: 0, handler: __TI_decompress_lzss
	index: 1, handler: __TI_decompress_none
	index: 2, handler: __TI_zero_init


GLOBAL SYMBOLS: SORTED ALPHABETICALLY BY Name 

address   name                          
-------   ----                          
00003473  C$$EXIT                       
000002b9  Delay1ms                      
000030c7  Delete_Key                    
20000a20  Message                       
20000a30  Messageindex                  
000015fb  Output_Clear                  
00001615  Output_Color                  
000015eb  Output_Init                   
00001605  Output_Off                    
0000160d  Output_On                     
00003013  Read_Key                      
00003463  ResetISR                      
0000091d  ST7735_Color565               
0000097f  ST7735_DrawBitmap             
00000cf1  ST7735_DrawChar               
00000b7d  ST7735_DrawCharS              
00000721  ST7735_DrawFastHLine          
0000062f  ST7735_DrawFastVLine          
000005d5  ST7735_DrawPixel              
00000e5f  ST7735_DrawString             
00000811  ST7735_FillRect               
000007d1  ST7735_FillScreen             
000004a5  ST7735_InitB                  
000004c5  ST7735_InitR                  
00001093  ST7735_InvertDisplay          
000014d1  ST7735_OutChar                
0000158d  ST7735_OutString              
00000f4d  ST7735_OutUDec                
000013dd  ST7735_PlotBar                
000010ab  ST7735_PlotClear              
000011cd  ST7735_PlotLine               
0000147d  ST7735_PlotNext               
00001497  ST7735_PlotNextErase          
00001107  ST7735_PlotPoint              
00001307  ST7735_PlotPoints             
00001433  ST7735_PlotdBfs               
00000f27  ST7735_SetCursor              
00000fc9  ST7735_SetRotation            
000015ab  ST7735_SetTextColor           
00000959  ST7735_SwapColor              
20000c50  StTextColor                   
20000c48  StX                           
20000c4c  StY                           
000030ad  Write_Key                     
20000a34  X                             
20000a38  Ymax                          
20000a3c  Ymin                          
20000a40  Yrange                        
20000c48  __STACK_END                   
00000200  __STACK_SIZE                  
20000c48  __STACK_TOP                   
00003c88  __TI_CINIT_Base               
00003c98  __TI_CINIT_Limit              
00003c74  __TI_Handler_Table_Base       
00003c80  __TI_Handler_Table_Limit      
000033a5  __TI_auto_init_nobinit_nopinit
0000333b  __TI_decompress_lzss          
00003449  __TI_decompress_none          
ffffffff  __TI_pprof_out_hndl           
ffffffff  __TI_prof_data_size           
ffffffff  __TI_prof_data_start          
00000000  __TI_static_base__            
00003457  __TI_zero_init                
000032c1  __aeabi_memclr                
000032c1  __aeabi_memclr4               
000032c1  __aeabi_memclr8               
00003225  __aeabi_memcpy                
00003225  __aeabi_memcpy4               
00003225  __aeabi_memcpy8               
000032c3  __aeabi_memset                
000032c3  __aeabi_memset4               
000032c3  __aeabi_memset8               
ffffffff  __binit__                     
ffffffff  __c_args__                    
UNDEFED   __mpu_init                    
20000a48  __stack                       
20000000  __start___llvm_prf_cnts       
20000000  __stop___llvm_prf_cnts        
000033e9  _c_int00_noargs               
UNDEFED   _system_post_cinit            
0000346f  _system_pre_init              
00003473  abort                         
20000c5c  arrow_pos                     
ffffffff  binit                         
000030e1  checkButtonDebounced          
00002da1  clearPinInterrupt             
00003971  dBfs                          
00002f71  delete_arrow                  
00002d7d  disablePinInterrupt           
00002ab5  disablePinPulldown            
00002a6d  disablePinPullup              
00002809  disablePort                   
00002f55  draw_arrow                    
00002d59  enablePinInterrupt            
00002a91  enablePinPulldown             
00002a3f  enablePinPullup               
0000274d  enablePort                    
000015dd  ferror                        
000015d1  fgetc                         
00000ee5  fillmessage                   
000015bf  fputc                         
00000000  g_pfnVectors                  
00002e0f  getPinValue                   
00002ec5  getPortValue                  
0000165d  initRC                        
000016b3  initSpi1                      
00001765  initSpi2                      
00003439  initSystemClockTo40Mhz        
20000c58  lastj                         
00003135  main                          
00002fd7  main_menu                     
00003225  memcpy                        
000032c9  memset                        
00003113  menu_controller               
00001ea9  rc522Anticoll                 
00001fd1  rc522Auth                     
00001ba5  rc522CalcCRC                  
000019c9  rc522GetVersion               
000021f5  rc522HaltA                    
00001b0d  rc522Init                     
00002099  rc522ReadBlock                
00001e4f  rc522Request                  
00001f3d  rc522SelectTag                
000019fd  rc522SpiSelfTest              
00002239  rc522StopCrypto               
00001c5d  rc522ToCard                   
000020fd  rc522WriteBlock               
00001ac5  rcClearBitMask                
0000191f  rcReadReg                     
00001a8d  rcSetBitMask                  
00001885  rcWriteReg                    
0000224d  readRFID                      
20000c5d  rfidCount                     
20000000  rfidTable                     
00002973  selectPinAnalogInput          
00002925  selectPinDigitalInput         
00002c8f  selectPinInterruptBothEdges   
00002c3f  selectPinInterruptFallingEdge 
00002ce5  selectPinInterruptHighLevel   
00002d1f  selectPinInterruptLowLevel    
00002bef  selectPinInterruptRisingEdge  
000028d7  selectPinOpenDrainOutput      
00002889  selectPinPushPullOutput       
00002add  setPinAuxFunction             
000029c3  setPinCommitControl           
00002dc5  setPinValue                   
00002e4d  setPortValue                  
00001739  setSpi1BaudRate               
000017ed  setSpi2BaudRate               
00002deb  togglePinValue                
00002f89  update_arrow_pos              
0000341d  waitMicrosecond               
00002599  writeRFID                     


GLOBAL SYMBOLS: SORTED BY Symbol Address 

address   name                          
-------   ----                          
00000000  __TI_static_base__            
00000000  g_pfnVectors                  
00000200  __STACK_SIZE                  
000002b9  Delay1ms                      
000004a5  ST7735_InitB                  
000004c5  ST7735_InitR                  
000005d5  ST7735_DrawPixel              
0000062f  ST7735_DrawFastVLine          
00000721  ST7735_DrawFastHLine          
000007d1  ST7735_FillScreen             
00000811  ST7735_FillRect               
0000091d  ST7735_Color565               
00000959  ST7735_SwapColor              
0000097f  ST7735_DrawBitmap             
00000b7d  ST7735_DrawCharS              
00000cf1  ST7735_DrawChar               
00000e5f  ST7735_DrawString             
00000ee5  fillmessage                   
00000f27  ST7735_SetCursor              
00000f4d  ST7735_OutUDec                
00000fc9  ST7735_SetRotation            
00001093  ST7735_InvertDisplay          
000010ab  ST7735_PlotClear              
00001107  ST7735_PlotPoint              
000011cd  ST7735_PlotLine               
00001307  ST7735_PlotPoints             
000013dd  ST7735_PlotBar                
00001433  ST7735_PlotdBfs               
0000147d  ST7735_PlotNext               
00001497  ST7735_PlotNextErase          
000014d1  ST7735_OutChar                
0000158d  ST7735_OutString              
000015ab  ST7735_SetTextColor           
000015bf  fputc                         
000015d1  fgetc                         
000015dd  ferror                        
000015eb  Output_Init                   
000015fb  Output_Clear                  
00001605  Output_Off                    
0000160d  Output_On                     
00001615  Output_Color                  
0000165d  initRC                        
000016b3  initSpi1                      
00001739  setSpi1BaudRate               
00001765  initSpi2                      
000017ed  setSpi2BaudRate               
00001885  rcWriteReg                    
0000191f  rcReadReg                     
000019c9  rc522GetVersion               
000019fd  rc522SpiSelfTest              
00001a8d  rcSetBitMask                  
00001ac5  rcClearBitMask                
00001b0d  rc522Init                     
00001ba5  rc522CalcCRC                  
00001c5d  rc522ToCard                   
00001e4f  rc522Request                  
00001ea9  rc522Anticoll                 
00001f3d  rc522SelectTag                
00001fd1  rc522Auth                     
00002099  rc522ReadBlock                
000020fd  rc522WriteBlock               
000021f5  rc522HaltA                    
00002239  rc522StopCrypto               
0000224d  readRFID                      
00002599  writeRFID                     
0000274d  enablePort                    
00002809  disablePort                   
00002889  selectPinPushPullOutput       
000028d7  selectPinOpenDrainOutput      
00002925  selectPinDigitalInput         
00002973  selectPinAnalogInput          
000029c3  setPinCommitControl           
00002a3f  enablePinPullup               
00002a6d  disablePinPullup              
00002a91  enablePinPulldown             
00002ab5  disablePinPulldown            
00002add  setPinAuxFunction             
00002bef  selectPinInterruptRisingEdge  
00002c3f  selectPinInterruptFallingEdge 
00002c8f  selectPinInterruptBothEdges   
00002ce5  selectPinInterruptHighLevel   
00002d1f  selectPinInterruptLowLevel    
00002d59  enablePinInterrupt            
00002d7d  disablePinInterrupt           
00002da1  clearPinInterrupt             
00002dc5  setPinValue                   
00002deb  togglePinValue                
00002e0f  getPinValue                   
00002e4d  setPortValue                  
00002ec5  getPortValue                  
00002f55  draw_arrow                    
00002f71  delete_arrow                  
00002f89  update_arrow_pos              
00002fd7  main_menu                     
00003013  Read_Key                      
000030ad  Write_Key                     
000030c7  Delete_Key                    
000030e1  checkButtonDebounced          
00003113  menu_controller               
00003135  main                          
00003225  __aeabi_memcpy                
00003225  __aeabi_memcpy4               
00003225  __aeabi_memcpy8               
00003225  memcpy                        
000032c1  __aeabi_memclr                
000032c1  __aeabi_memclr4               
000032c1  __aeabi_memclr8               
000032c3  __aeabi_memset                
000032c3  __aeabi_memset4               
000032c3  __aeabi_memset8               
000032c9  memset                        
0000333b  __TI_decompress_lzss          
000033a5  __TI_auto_init_nobinit_nopinit
000033e9  _c_int00_noargs               
0000341d  waitMicrosecond               
00003439  initSystemClockTo40Mhz        
00003449  __TI_decompress_none          
00003457  __TI_zero_init                
00003463  ResetISR                      
0000346f  _system_pre_init              
00003473  C$$EXIT                       
00003473  abort                         
00003971  dBfs                          
00003c74  __TI_Handler_Table_Base       
00003c80  __TI_Handler_Table_Limit      
00003c88  __TI_CINIT_Base               
00003c98  __TI_CINIT_Limit              
20000000  __start___llvm_prf_cnts       
20000000  __stop___llvm_prf_cnts        
20000000  rfidTable                     
20000a20  Message                       
20000a30  Messageindex                  
20000a34  X                             
20000a38  Ymax                          
20000a3c  Ymin                          
20000a40  Yrange                        
20000a48  __stack                       
20000c48  StX                           
20000c48  __STACK_END                   
20000c48  __STACK_TOP                   
20000c4c  StY                           
20000c50  StTextColor                   
20000c58  lastj                         
20000c5c  arrow_pos                     
20000c5d  rfidCount                     
ffffffff  __TI_pprof_out_hndl           
ffffffff  __TI_prof_data_size           
ffffffff  __TI_prof_data_start          
ffffffff  __binit__                     
ffffffff  __c_args__                    
ffffffff  binit                         
UNDEFED   __mpu_init                    
UNDEFED   _system_post_cinit            

[153 symbols]
